Component: Arm Compiler for Embedded 6.24 Tool: armlink [5f371500]

==============================================================================

Section Cross References

    adc.o(.ARM.exidx.text.ADC_Init) refers to adc.o(.text.ADC_Init) for [Anonymous Symbol]
    adc.o(.ARM.exidx.text.ADC_Read) refers to adc.o(.text.ADC_Read) for [Anonymous Symbol]
    adc.o(.text.ADC_Read_mV) refers to adc.o(.text.ADC_Read) for ADC_Read
    adc.o(.ARM.exidx.text.ADC_Read_mV) refers to adc.o(.text.ADC_Read_mV) for [Anonymous Symbol]
    main.o(.text.main) refers to system_stm32f10x.o(.text.SystemCoreClockUpdate) for SystemCoreClockUpdate
    main.o(.text.main) refers to adc.o(.text.ADC_Init) for ADC_Init
    main.o(.text.main) refers to pwm.o(.text.PWM_Init) for PWM_Init
    main.o(.text.main) refers to adc.o(.text.ADC_Read) for ADC_Read
    main.o(.text.main) refers to pwm.o(.text.PWM_SetFreq) for PWM_SetFreq
    main.o(.text.main) refers to pwm.o(.text.PWM_SetDuty) for PWM_SetDuty
    main.o(.text.main) refers to main.o(.text.delay_ms) for delay_ms
    main.o(.ARM.exidx.text.main) refers to main.o(.text.main) for [Anonymous Symbol]
    main.o(.ARM.exidx.text.delay_ms) refers to main.o(.text.delay_ms) for [Anonymous Symbol]
    pwm.o(.text.PWM_Init) refers to pwm.o(.text.get_tim_ptr) for get_tim_ptr
    pwm.o(.text.PWM_Init) refers to pwm.o(.text.map_idx) for map_idx
    pwm.o(.text.PWM_Init) refers to pwm.o(.rodata.chan_map) for chan_map
    pwm.o(.text.PWM_Init) refers to pwm.o(.text.gpio_cfg_af_pp) for gpio_cfg_af_pp
    pwm.o(.text.PWM_Init) refers to pwm.o(.bss.tim_state) for tim_state
    pwm.o(.ARM.exidx.text.PWM_Init) refers to pwm.o(.text.PWM_Init) for [Anonymous Symbol]
    pwm.o(.ARM.exidx.text.get_tim_ptr) refers to pwm.o(.text.get_tim_ptr) for [Anonymous Symbol]
    pwm.o(.ARM.exidx.text.map_idx) refers to pwm.o(.text.map_idx) for [Anonymous Symbol]
    pwm.o(.ARM.exidx.text.gpio_cfg_af_pp) refers to pwm.o(.text.gpio_cfg_af_pp) for [Anonymous Symbol]
    pwm.o(.text.PWM_SetFreq) refers to pwm.o(.text.get_tim_ptr) for get_tim_ptr
    pwm.o(.text.PWM_SetFreq) refers to pwm.o(.bss.tim_state) for tim_state
    pwm.o(.ARM.exidx.text.PWM_SetFreq) refers to pwm.o(.text.PWM_SetFreq) for [Anonymous Symbol]
    pwm.o(.text.PWM_SetDuty) refers to pwm.o(.text.get_tim_ptr) for get_tim_ptr
    pwm.o(.text.PWM_SetDuty) refers to pwm.o(.bss.tim_state) for tim_state
    pwm.o(.ARM.exidx.text.PWM_SetDuty) refers to pwm.o(.text.PWM_SetDuty) for [Anonymous Symbol]
    arm_nn_activation_s16.o(.text.arm_nn_activation_s16) refers to arm_nntables.o(.rodata.sigmoid_table_uint16) for sigmoid_table_uint16
    arm_nn_activation_s16.o(.ARM.exidx.text.arm_nn_activation_s16) refers to arm_nn_activation_s16.o(.text.arm_nn_activation_s16) for [Anonymous Symbol]
    arm_relu6_s8.o(.ARM.exidx.text.arm_relu6_s8) refers to arm_relu6_s8.o(.text.arm_relu6_s8) for [Anonymous Symbol]
    arm_relu_q15.o(.ARM.exidx.text.arm_relu_q15) refers to arm_relu_q15.o(.text.arm_relu_q15) for [Anonymous Symbol]
    arm_relu_q7.o(.ARM.exidx.text.arm_relu_q7) refers to arm_relu_q7.o(.text.arm_relu_q7) for [Anonymous Symbol]
    arm_elementwise_add_s16.o(.ARM.exidx.text.arm_elementwise_add_s16) refers to arm_elementwise_add_s16.o(.text.arm_elementwise_add_s16) for [Anonymous Symbol]
    arm_elementwise_add_s8.o(.ARM.exidx.text.arm_elementwise_add_s8) refers to arm_elementwise_add_s8.o(.text.arm_elementwise_add_s8) for [Anonymous Symbol]
    arm_elementwise_mul_acc_s16.o(.ARM.exidx.text.arm_elementwise_mul_acc_s16) refers to arm_elementwise_mul_acc_s16.o(.text.arm_elementwise_mul_acc_s16) for [Anonymous Symbol]
    arm_elementwise_mul_s16.o(.ARM.exidx.text.arm_elementwise_mul_s16) refers to arm_elementwise_mul_s16.o(.text.arm_elementwise_mul_s16) for [Anonymous Symbol]
    arm_elementwise_mul_s16_batch_offset.o(.ARM.exidx.text.arm_elementwise_mul_s16_batch_offset) refers to arm_elementwise_mul_s16_batch_offset.o(.text.arm_elementwise_mul_s16_batch_offset) for [Anonymous Symbol]
    arm_elementwise_mul_s16_s8.o(.ARM.exidx.text.arm_elementwise_mul_s16_s8) refers to arm_elementwise_mul_s16_s8.o(.text.arm_elementwise_mul_s16_s8) for [Anonymous Symbol]
    arm_elementwise_mul_s8.o(.ARM.exidx.text.arm_elementwise_mul_s8) refers to arm_elementwise_mul_s8.o(.text.arm_elementwise_mul_s8) for [Anonymous Symbol]
    arm_maximum_s8.o(.text.arm_maximum_s8) refers to arm_maximum_s8.o(.text.arm_max_scalar_s8) for arm_max_scalar_s8
    arm_maximum_s8.o(.text.arm_maximum_s8) refers to arm_maximum_s8.o(.text.arm_max_no_broadcast_s8) for arm_max_no_broadcast_s8
    arm_maximum_s8.o(.ARM.exidx.text.arm_maximum_s8) refers to arm_maximum_s8.o(.text.arm_maximum_s8) for [Anonymous Symbol]
    arm_maximum_s8.o(.ARM.exidx.text.arm_max_scalar_s8) refers to arm_maximum_s8.o(.text.arm_max_scalar_s8) for [Anonymous Symbol]
    arm_maximum_s8.o(.ARM.exidx.text.arm_max_no_broadcast_s8) refers to arm_maximum_s8.o(.text.arm_max_no_broadcast_s8) for [Anonymous Symbol]
[...]
    Removing arm_convolve_get_buffer_sizes_s16.o(.ARM.exidx.text.arm_convolve_wrapper_s16_get_buffer_size_dsp), (8 bytes).
    Removing arm_convolve_get_buffer_sizes_s16.o(.text.arm_convolve_wrapper_s16_get_buffer_size_mve), (24 bytes).
    Removing arm_convolve_get_buffer_sizes_s16.o(.ARM.exidx.text.arm_convolve_wrapper_s16_get_buffer_size_mve), (8 bytes).
    Removing arm_convolve_get_buffer_sizes_s16.o(.text.arm_convolve_s16_get_buffer_size_mve), (44 bytes).
    Removing arm_convolve_get_buffer_sizes_s16.o(.ARM.exidx.text.arm_convolve_s16_get_buffer_size_mve), (8 bytes).
    Removing arm_convolve_get_buffer_sizes_s4.o(.text), (0 bytes).
    Removing arm_convolve_get_buffer_sizes_s4.o(.text.arm_convolve_s4_get_buffer_size), (30 bytes).
    Removing arm_convolve_get_buffer_sizes_s4.o(.ARM.exidx.text.arm_convolve_s4_get_buffer_size), (8 bytes).
    Removing arm_convolve_get_buffer_sizes_s4.o(.text.arm_convolve_1_x_n_s4_get_buffer_size), (24 bytes).
    Removing arm_convolve_get_buffer_sizes_s4.o(.ARM.exidx.text.arm_convolve_1_x_n_s4_get_buffer_size), (8 bytes).
    Removing arm_convolve_get_buffer_sizes_s4.o(.text.arm_convolve_1x1_s4_fast_get_buffer_size), (10 bytes).
    Removing arm_convolve_get_buffer_sizes_s4.o(.ARM.exidx.text.arm_convolve_1x1_s4_fast_get_buffer_size), (8 bytes).
    Removing arm_convolve_get_buffer_sizes_s4.o(.text.arm_convolve_wrapper_s4_get_buffer_size), (122 bytes).
    Removing arm_convolve_get_buffer_sizes_s4.o(.ARM.exidx.text.arm_convolve_wrapper_s4_get_buffer_size), (8 bytes).
    Removing arm_convolve_get_buffer_sizes_s4.o(.text.arm_convolve_wrapper_s4_get_buffer_size_mve), (194 bytes).
    Removing arm_convolve_get_buffer_sizes_s4.o(.ARM.exidx.text.arm_convolve_wrapper_s4_get_buffer_size_mve), (8 bytes).
    Removing arm_convolve_get_buffer_sizes_s4.o(.text.arm_convolve_1_x_n_s4_get_buffer_size_mve), (292 bytes).
    Removing arm_convolve_get_buffer_sizes_s4.o(.ARM.exidx.text.arm_convolve_1_x_n_s4_get_buffer_size_mve), (8 bytes).
    Removing arm_convolve_get_buffer_sizes_s4.o(.text.arm_convolve_s4_get_buffer_size_mve), (44 bytes).
    Removing arm_convolve_get_buffer_sizes_s4.o(.ARM.exidx.text.arm_convolve_s4_get_buffer_size_mve), (8 bytes).
    Removing arm_convolve_get_buffer_sizes_s4.o(.text.arm_convolve_wrapper_s4_get_buffer_size_dsp), (28 bytes).
    Removing arm_convolve_get_buffer_sizes_s4.o(.ARM.exidx.text.arm_convolve_wrapper_s4_get_buffer_size_dsp), (8 bytes).
    Removing arm_convolve_get_buffer_sizes_s8.o(.text), (0 bytes).
    Removing arm_convolve_get_buffer_sizes_s8.o(.text.arm_convolve_s8_get_buffer_size), (74 bytes).
    Removing arm_convolve_get_buffer_sizes_s8.o(.ARM.exidx.text.arm_convolve_s8_get_buffer_size), (8 bytes).
    Removing arm_convolve_get_buffer_sizes_s8.o(.text.arm_convolve_1_x_n_s8_get_buffer_size), (24 bytes).
    Removing arm_convolve_get_buffer_sizes_s8.o(.ARM.exidx.text.arm_convolve_1_x_n_s8_get_buffer_size), (8 bytes).
    Removing arm_convolve_get_buffer_sizes_s8.o(.text.arm_convolve_1x1_s8_fast_get_buffer_size), (10 bytes).
    Removing arm_convolve_get_buffer_sizes_s8.o(.ARM.exidx.text.arm_convolve_1x1_s8_fast_get_buffer_size), (8 bytes).
    Removing arm_convolve_get_buffer_sizes_s8.o(.text.arm_convolve_wrapper_s8_get_buffer_size), (194 bytes).
    Removing arm_convolve_get_buffer_sizes_s8.o(.ARM.exidx.text.arm_convolve_wrapper_s8_get_buffer_size), (8 bytes).
    Removing arm_convolve_get_buffer_sizes_s8.o(.text.arm_convolve_wrapper_s8_get_buffer_size_mve), (194 bytes).
    Removing arm_convolve_get_buffer_sizes_s8.o(.ARM.exidx.text.arm_convolve_wrapper_s8_get_buffer_size_mve), (8 bytes).
    Removing arm_convolve_get_buffer_sizes_s8.o(.text.arm_convolve_1_x_n_s8_get_buffer_size_mve), (392 bytes).
    Removing arm_convolve_get_buffer_sizes_s8.o(.ARM.exidx.text.arm_convolve_1_x_n_s8_get_buffer_size_mve), (8 bytes).
    Removing arm_convolve_get_buffer_sizes_s8.o(.text.arm_convolve_s8_get_buffer_size_mve), (44 bytes).
    Removing arm_convolve_get_buffer_sizes_s8.o(.ARM.exidx.text.arm_convolve_s8_get_buffer_size_mve), (8 bytes).
    Removing arm_convolve_get_buffer_sizes_s8.o(.text.arm_convolve_wrapper_s8_get_buffer_size_dsp), (194 bytes).
    Removing arm_convolve_get_buffer_sizes_s8.o(.ARM.exidx.text.arm_convolve_wrapper_s8_get_buffer_size_dsp), (8 bytes).
    Removing arm_convolve_get_buffer_sizes_s8.o(.text.arm_convolve_1x1_s8_fast_get_buffer_size_dsp), (14 bytes).
    Removing arm_convolve_get_buffer_sizes_s8.o(.ARM.exidx.text.arm_convolve_1x1_s8_fast_get_buffer_size_dsp), (8 bytes).
    Removing arm_convolve_s16.o(.text), (0 bytes).
    Removing arm_convolve_s16.o(.text.arm_convolve_s16), (1306 bytes).
    Removing arm_convolve_s16.o(.ARM.exidx.text.arm_convolve_s16), (8 bytes).
    Removing arm_convolve_s4.o(.text), (0 bytes).
    Removing arm_convolve_s4.o(.text.arm_convolve_s4), (1336 bytes).
    Removing arm_convolve_s4.o(.ARM.exidx.text.arm_convolve_s4), (8 bytes).
    Removing arm_convolve_s8.o(.text), (0 bytes).
    Removing arm_convolve_s8.o(.text.arm_convolve_s8), (1946 bytes).
    Removing arm_convolve_s8.o(.ARM.exidx.text.arm_convolve_s8), (8 bytes).
    Removing arm_convolve_wrapper_s16.o(.text), (0 bytes).
    Removing arm_convolve_wrapper_s16.o(.text.arm_convolve_wrapper_s16), (110 bytes).
    Removing arm_convolve_wrapper_s16.o(.ARM.exidx.text.arm_convolve_wrapper_s16), (8 bytes).
    Removing arm_convolve_wrapper_s4.o(.text), (0 bytes).
    Removing arm_convolve_wrapper_s4.o(.text.arm_convolve_wrapper_s4), (474 bytes).
    Removing arm_convolve_wrapper_s4.o(.ARM.exidx.text.arm_convolve_wrapper_s4), (8 bytes).
    Removing arm_convolve_wrapper_s8.o(.text), (0 bytes).
    Removing arm_convolve_wrapper_s8.o(.text.arm_convolve_wrapper_s8), (500 bytes).
    Removing arm_convolve_wrapper_s8.o(.ARM.exidx.text.arm_convolve_wrapper_s8), (8 bytes).
    Removing arm_depthwise_conv_3x3_s8.o(.text), (0 bytes).
    Removing arm_depthwise_conv_3x3_s8.o(.text.arm_depthwise_conv_3x3_s8), (2754 bytes).
    Removing arm_depthwise_conv_3x3_s8.o(.ARM.exidx.text.arm_depthwise_conv_3x3_s8), (8 bytes).
    Removing arm_depthwise_conv_fast_s16.o(.text), (0 bytes).
    Removing arm_depthwise_conv_fast_s16.o(.text.arm_depthwise_conv_fast_s16), (204 bytes).
    Removing arm_depthwise_conv_fast_s16.o(.ARM.exidx.text.arm_depthwise_conv_fast_s16), (8 bytes).
    Removing arm_depthwise_conv_get_buffer_sizes_s16.o(.text), (0 bytes).
    Removing arm_depthwise_conv_get_buffer_sizes_s16.o(.text.arm_depthwise_conv_fast_s16_get_buffer_size), (12 bytes).
    Removing arm_depthwise_conv_get_buffer_sizes_s16.o(.ARM.exidx.text.arm_depthwise_conv_fast_s16_get_buffer_size), (8 bytes).
    Removing arm_depthwise_conv_get_buffer_sizes_s16.o(.text.arm_depthwise_conv_wrapper_s16_get_buffer_size), (80 bytes).
    Removing arm_depthwise_conv_get_buffer_sizes_s16.o(.ARM.exidx.text.arm_depthwise_conv_wrapper_s16_get_buffer_size), (8 bytes).
    Removing arm_depthwise_conv_get_buffer_sizes_s16.o(.text.arm_depthwise_conv_wrapper_s16_get_buffer_size_mve), (80 bytes).
    Removing arm_depthwise_conv_get_buffer_sizes_s16.o(.ARM.exidx.text.arm_depthwise_conv_wrapper_s16_get_buffer_size_mve), (8 bytes).
    Removing arm_depthwise_conv_get_buffer_sizes_s16.o(.text.arm_depthwise_conv_fast_s16_get_buffer_size_mve), (30 bytes).
    Removing arm_depthwise_conv_get_buffer_sizes_s16.o(.ARM.exidx.text.arm_depthwise_conv_fast_s16_get_buffer_size_mve), (8 bytes).
    Removing arm_depthwise_conv_get_buffer_sizes_s16.o(.text.arm_depthwise_conv_wrapper_s16_get_buffer_size_dsp), (80 bytes).
    Removing arm_depthwise_conv_get_buffer_sizes_s16.o(.ARM.exidx.text.arm_depthwise_conv_wrapper_s16_get_buffer_size_dsp), (8 bytes).
    Removing arm_depthwise_conv_get_buffer_sizes_s16.o(.text.arm_depthwise_conv_fast_s16_get_buffer_size_dsp), (26 bytes).
    Removing arm_depthwise_conv_get_buffer_sizes_s16.o(.ARM.exidx.text.arm_depthwise_conv_fast_s16_get_buffer_size_dsp), (8 bytes).
    Removing arm_depthwise_conv_get_buffer_sizes_s4.o(.text), (0 bytes).
    Removing arm_depthwise_conv_get_buffer_sizes_s4.o(.text.arm_depthwise_conv_s4_opt_get_buffer_size), (20 bytes).
    Removing arm_depthwise_conv_get_buffer_sizes_s4.o(.ARM.exidx.text.arm_depthwise_conv_s4_opt_get_buffer_size), (8 bytes).
    Removing arm_depthwise_conv_get_buffer_sizes_s4.o(.text.arm_depthwise_conv_wrapper_s4_get_buffer_size), (78 bytes).
    Removing arm_depthwise_conv_get_buffer_sizes_s4.o(.ARM.exidx.text.arm_depthwise_conv_wrapper_s4_get_buffer_size), (8 bytes).
    Removing arm_depthwise_conv_get_buffer_sizes_s4.o(.text.arm_depthwise_conv_wrapper_s4_get_buffer_size_dsp), (28 bytes).
    Removing arm_depthwise_conv_get_buffer_sizes_s4.o(.ARM.exidx.text.arm_depthwise_conv_wrapper_s4_get_buffer_size_dsp), (8 bytes).
    Removing arm_depthwise_conv_get_buffer_sizes_s4.o(.text.arm_depthwise_conv_wrapper_s4_get_buffer_size_mve), (78 bytes).
    Removing arm_depthwise_conv_get_buffer_sizes_s4.o(.ARM.exidx.text.arm_depthwise_conv_wrapper_s4_get_buffer_size_mve), (8 bytes).
    Removing arm_depthwise_conv_get_buffer_sizes_s8.o(.text), (0 bytes).
    Removing arm_depthwise_conv_get_buffer_sizes_s8.o(.text.arm_depthwise_conv_s8_opt_get_buffer_size_mve), (24 bytes).
    Removing arm_depthwise_conv_get_buffer_sizes_s8.o(.ARM.exidx.text.arm_depthwise_conv_s8_opt_get_buffer_size_mve), (8 bytes).
    Removing arm_depthwise_conv_get_buffer_sizes_s8.o(.text.arm_depthwise_conv_s8_opt_get_buffer_size_dsp), (26 bytes).
    Removing arm_depthwise_conv_get_buffer_sizes_s8.o(.ARM.exidx.text.arm_depthwise_conv_s8_opt_get_buffer_size_dsp), (8 bytes).
    Removing arm_depthwise_conv_get_buffer_sizes_s8.o(.text.arm_depthwise_conv_s8_opt_get_buffer_size), (12 bytes).
    Removing arm_depthwise_conv_get_buffer_sizes_s8.o(.ARM.exidx.text.arm_depthwise_conv_s8_opt_get_buffer_size), (8 bytes).
    Removing arm_depthwise_conv_get_buffer_sizes_s8.o(.text.arm_depthwise_conv_wrapper_s8_get_buffer_size), (130 bytes).
    Removing arm_depthwise_conv_get_buffer_sizes_s8.o(.ARM.exidx.text.arm_depthwise_conv_wrapper_s8_get_buffer_size), (8 bytes).
    Removing arm_depthwise_conv_get_buffer_sizes_s8.o(.text.arm_depthwise_conv_wrapper_s8_get_buffer_size_dsp), (130 bytes).
    Removing arm_depthwise_conv_get_buffer_sizes_s8.o(.ARM.exidx.text.arm_depthwise_conv_wrapper_s8_get_buffer_size_dsp), (8 bytes).
    Removing arm_depthwise_conv_get_buffer_sizes_s8.o(.text.arm_depthwise_conv_wrapper_s8_get_buffer_size_mve), (136 bytes).
    Removing arm_depthwise_conv_get_buffer_sizes_s8.o(.ARM.exidx.text.arm_depthwise_conv_wrapper_s8_get_buffer_size_mve), (8 bytes).
    Removing arm_depthwise_conv_get_buffer_sizes_s8.o(.text.arm_deptwise_conv_s8_one_in_ch_get_buffer_size_mve), (130 bytes).
    Removing arm_depthwise_conv_get_buffer_sizes_s8.o(.ARM.exidx.text.arm_deptwise_conv_s8_one_in_ch_get_buffer_size_mve), (8 bytes).
    Removing arm_depthwise_conv_s16.o(.text), (0 bytes).
    Removing arm_depthwise_conv_s16.o(.text.arm_depthwise_conv_s16), (284 bytes).
    Removing arm_depthwise_conv_s16.o(.ARM.exidx.text.arm_depthwise_conv_s16), (8 bytes).
    Removing arm_depthwise_conv_s16.o(.text.depthwise_conv_s16_generic_s16), (1162 bytes).
    Removing arm_depthwise_conv_s16.o(.ARM.exidx.text.depthwise_conv_s16_generic_s16), (8 bytes).
    Removing arm_depthwise_conv_s4.o(.text), (0 bytes).
    Removing arm_depthwise_conv_s4.o(.text.arm_depthwise_conv_s4), (316 bytes).
    Removing arm_depthwise_conv_s4.o(.ARM.exidx.text.arm_depthwise_conv_s4), (8 bytes).
    Removing arm_depthwise_conv_s4.o(.text.depthwise_conv_s4_generic), (5304 bytes).
    Removing arm_depthwise_conv_s4.o(.ARM.exidx.text.depthwise_conv_s4_generic), (8 bytes).
    Removing arm_depthwise_conv_s4_opt.o(.text), (0 bytes).
    Removing arm_depthwise_conv_s4_opt.o(.text.arm_depthwise_conv_s4_opt), (5718 bytes).
    Removing arm_depthwise_conv_s4_opt.o(.ARM.exidx.text.arm_depthwise_conv_s4_opt), (8 bytes).
    Removing arm_depthwise_conv_s8.o(.text), (0 bytes).
    Removing arm_depthwise_conv_s8.o(.text.arm_depthwise_conv_s8), (564 bytes).
    Removing arm_depthwise_conv_s8.o(.ARM.exidx.text.arm_depthwise_conv_s8), (8 bytes).
    Removing arm_depthwise_conv_s8.o(.text.depthwise_conv_s8_mult_4), (1866 bytes).
    Removing arm_depthwise_conv_s8.o(.ARM.exidx.text.depthwise_conv_s8_mult_4), (8 bytes).
    Removing arm_depthwise_conv_s8.o(.text.depthwise_conv_s8_generic), (1228 bytes).
    Removing arm_depthwise_conv_s8.o(.ARM.exidx.text.depthwise_conv_s8_generic), (8 bytes).
    Removing arm_depthwise_conv_s8_opt.o(.text), (0 bytes).
    Removing arm_depthwise_conv_s8_opt.o(.text.arm_depthwise_conv_s8_opt), (180 bytes).
    Removing arm_depthwise_conv_s8_opt.o(.ARM.exidx.text.arm_depthwise_conv_s8_opt), (8 bytes).
    Removing arm_depthwise_conv_wrapper_s16.o(.text), (0 bytes).
    Removing arm_depthwise_conv_wrapper_s16.o(.text.arm_depthwise_conv_wrapper_s16), (240 bytes).
    Removing arm_depthwise_conv_wrapper_s16.o(.ARM.exidx.text.arm_depthwise_conv_wrapper_s16), (8 bytes).
    Removing arm_depthwise_conv_wrapper_s4.o(.text), (0 bytes).
    Removing arm_depthwise_conv_wrapper_s4.o(.text.arm_depthwise_conv_wrapper_s4), (234 bytes).
    Removing arm_depthwise_conv_wrapper_s4.o(.ARM.exidx.text.arm_depthwise_conv_wrapper_s4), (8 bytes).
    Removing arm_depthwise_conv_wrapper_s8.o(.text), (0 bytes).
    Removing arm_depthwise_conv_wrapper_s8.o(.text.arm_depthwise_conv_wrapper_s8), (344 bytes).
    Removing arm_depthwise_conv_wrapper_s8.o(.ARM.exidx.text.arm_depthwise_conv_wrapper_s8), (8 bytes).
    Removing arm_nn_depthwise_conv_s8_core.o(.text), (0 bytes).
    Removing arm_nn_depthwise_conv_s8_core.o(.text.arm_nn_depthwise_conv_s8_core), (50 bytes).
    Removing arm_nn_depthwise_conv_s8_core.o(.ARM.exidx.text.arm_nn_depthwise_conv_s8_core), (8 bytes).
    Removing arm_nn_mat_mult_kernel_row_offset_s8_s16.o(.text), (0 bytes).
    Removing arm_nn_mat_mult_kernel_row_offset_s8_s16.o(.text.arm_nn_mat_mult_kernel_row_offset_s8_s16), (2226 bytes).
    Removing arm_nn_mat_mult_kernel_row_offset_s8_s16.o(.ARM.exidx.text.arm_nn_mat_mult_kernel_row_offset_s8_s16), (8 bytes).
    Removing arm_nn_mat_mult_kernel_s16.o(.text), (0 bytes).
    Removing arm_nn_mat_mult_kernel_s16.o(.text.arm_nn_mat_mult_kernel_s16), (3866 bytes).
    Removing arm_nn_mat_mult_kernel_s16.o(.ARM.exidx.text.arm_nn_mat_mult_kernel_s16), (8 bytes).
    Removing arm_nn_mat_mult_kernel_s4_s16.o(.text), (0 bytes).
    Removing arm_nn_mat_mult_kernel_s4_s16.o(.text.arm_nn_mat_mult_kernel_s4_s16), (4366 bytes).
    Removing arm_nn_mat_mult_kernel_s4_s16.o(.ARM.exidx.text.arm_nn_mat_mult_kernel_s4_s16), (8 bytes).
    Removing arm_nn_mat_mult_kernel_s8_s16.o(.text), (0 bytes).
    Removing arm_nn_mat_mult_kernel_s8_s16.o(.text.arm_nn_mat_mult_kernel_s8_s16), (2220 bytes).
    Removing arm_nn_mat_mult_kernel_s8_s16.o(.ARM.exidx.text.arm_nn_mat_mult_kernel_s8_s16), (8 bytes).
    Removing arm_nn_mat_mult_s8.o(.text), (0 bytes).
    Removing arm_nn_mat_mult_s8.o(.text.arm_nn_mat_mult_s8), (62 bytes).
    Removing arm_nn_mat_mult_s8.o(.ARM.exidx.text.arm_nn_mat_mult_s8), (8 bytes).
    Removing arm_transpose_conv_get_buffer_sizes_s8.o(.text), (0 bytes).
    Removing arm_transpose_conv_get_buffer_sizes_s8.o(.text.arm_transpose_conv_s8_get_buffer_size), (244 bytes).
    Removing arm_transpose_conv_get_buffer_sizes_s8.o(.ARM.exidx.text.arm_transpose_conv_s8_get_buffer_size), (8 bytes).
    Removing arm_transpose_conv_get_buffer_sizes_s8.o(.text.arm_transpose_conv_s8_get_reverse_conv_buffer_size), (118 bytes).
    Removing arm_transpose_conv_get_buffer_sizes_s8.o(.ARM.exidx.text.arm_transpose_conv_s8_get_reverse_conv_buffer_size), (8 bytes).
    Removing arm_transpose_conv_s8.o(.text), (0 bytes).
    Removing arm_transpose_conv_s8.o(.text.arm_transpose_conv_s8), (1664 bytes).
    Removing arm_transpose_conv_s8.o(.ARM.exidx.text.arm_transpose_conv_s8), (8 bytes).
    Removing arm_transpose_conv_wrapper_s8.o(.text), (0 bytes).
    Removing arm_transpose_conv_wrapper_s8.o(.text.arm_transpose_conv_wrapper_s8), (628 bytes).
    Removing arm_transpose_conv_wrapper_s8.o(.ARM.exidx.text.arm_transpose_conv_wrapper_s8), (8 bytes).
    Removing arm_batch_matmul_s16.o(.text), (0 bytes).
    Removing arm_batch_matmul_s16.o(.text.arm_batch_matmul_s16), (472 bytes).
    Removing arm_batch_matmul_s16.o(.ARM.exidx.text.arm_batch_matmul_s16), (8 bytes).
    Removing arm_batch_matmul_s8.o(.text), (0 bytes).
    Removing arm_batch_matmul_s8.o(.text.arm_batch_matmul_s8), (450 bytes).
    Removing arm_batch_matmul_s8.o(.ARM.exidx.text.arm_batch_matmul_s8), (8 bytes).
    Removing arm_fully_connected_get_buffer_sizes_s16.o(.text), (0 bytes).
    Removing arm_fully_connected_get_buffer_sizes_s16.o(.text.arm_fully_connected_s16_get_buffer_size), (10 bytes).
    Removing arm_fully_connected_get_buffer_sizes_s16.o(.ARM.exidx.text.arm_fully_connected_s16_get_buffer_size), (8 bytes).
    Removing arm_fully_connected_get_buffer_sizes_s16.o(.text.arm_fully_connected_s16_get_buffer_size_dsp), (16 bytes).
    Removing arm_fully_connected_get_buffer_sizes_s16.o(.ARM.exidx.text.arm_fully_connected_s16_get_buffer_size_dsp), (8 bytes).
    Removing arm_fully_connected_get_buffer_sizes_s16.o(.text.arm_fully_connected_s16_get_buffer_size_mve), (16 bytes).
    Removing arm_fully_connected_get_buffer_sizes_s16.o(.ARM.exidx.text.arm_fully_connected_s16_get_buffer_size_mve), (8 bytes).
    Removing arm_fully_connected_get_buffer_sizes_s8.o(.text), (0 bytes).
    Removing arm_fully_connected_get_buffer_sizes_s8.o(.text.arm_fully_connected_s8_get_buffer_size_dsp), (10 bytes).
    Removing arm_fully_connected_get_buffer_sizes_s8.o(.ARM.exidx.text.arm_fully_connected_s8_get_buffer_size_dsp), (8 bytes).
    Removing arm_fully_connected_get_buffer_sizes_s8.o(.text.arm_fully_connected_s8_get_buffer_size_mve), (14 bytes).
    Removing arm_fully_connected_get_buffer_sizes_s8.o(.ARM.exidx.text.arm_fully_connected_s8_get_buffer_size_mve), (8 bytes).
    Removing arm_fully_connected_get_buffer_sizes_s8.o(.text.arm_fully_connected_s8_get_buffer_size), (16 bytes).
    Removing arm_fully_connected_get_buffer_sizes_s8.o(.ARM.exidx.text.arm_fully_connected_s8_get_buffer_size), (8 bytes).
    Removing arm_fully_connected_per_channel_s8.o(.text), (0 bytes).
    Removing arm_fully_connected_per_channel_s8.o(.text.arm_fully_connected_per_channel_s8), (222 bytes).
    Removing arm_fully_connected_per_channel_s8.o(.ARM.exidx.text.arm_fully_connected_per_channel_s8), (8 bytes).
    Removing arm_fully_connected_s16.o(.text), (0 bytes).
    Removing arm_fully_connected_s16.o(.text.arm_fully_connected_s16), (218 bytes).
    Removing arm_fully_connected_s16.o(.ARM.exidx.text.arm_fully_connected_s16), (8 bytes).
    Removing arm_fully_connected_s4.o(.text), (0 bytes).
    Removing arm_fully_connected_s4.o(.text.arm_fully_connected_s4), (192 bytes).
    Removing arm_fully_connected_s4.o(.ARM.exidx.text.arm_fully_connected_s4), (8 bytes).
    Removing arm_fully_connected_s8.o(.text), (0 bytes).
    Removing arm_fully_connected_s8.o(.text.arm_fully_connected_s8), (222 bytes).
    Removing arm_fully_connected_s8.o(.ARM.exidx.text.arm_fully_connected_s8), (8 bytes).
    Removing arm_fully_connected_wrapper_s8.o(.text), (0 bytes).
    Removing arm_fully_connected_wrapper_s8.o(.text.arm_fully_connected_wrapper_s8), (220 bytes).
    Removing arm_fully_connected_wrapper_s8.o(.ARM.exidx.text.arm_fully_connected_wrapper_s8), (8 bytes).
    Removing arm_vector_sum_s8.o(.text), (0 bytes).
    Removing arm_vector_sum_s8.o(.text.arm_vector_sum_s8), (178 bytes).
    Removing arm_vector_sum_s8.o(.ARM.exidx.text.arm_vector_sum_s8), (8 bytes).
    Removing arm_vector_sum_s8_s64.o(.text), (0 bytes).
    Removing arm_vector_sum_s8_s64.o(.text.arm_vector_sum_s8_s64), (190 bytes).
    Removing arm_vector_sum_s8_s64.o(.ARM.exidx.text.arm_vector_sum_s8_s64), (8 bytes).
    Removing arm_lstm_unidirectional_s16.o(.text), (0 bytes).
    Removing arm_lstm_unidirectional_s16.o(.text.arm_lstm_unidirectional_s16), (300 bytes).
    Removing arm_lstm_unidirectional_s16.o(.ARM.exidx.text.arm_lstm_unidirectional_s16), (8 bytes).
    Removing arm_lstm_unidirectional_s8.o(.text), (0 bytes).
    Removing arm_lstm_unidirectional_s8.o(.text.arm_lstm_unidirectional_s8), (290 bytes).
    Removing arm_lstm_unidirectional_s8.o(.ARM.exidx.text.arm_lstm_unidirectional_s8), (8 bytes).
    Removing arm_nn_depthwise_conv_nt_t_padded_s8.o(.text), (0 bytes).
    Removing arm_nn_depthwise_conv_nt_t_padded_s8.o(.text.arm_nn_depthwise_conv_nt_t_padded_s8), (58 bytes).
    Removing arm_nn_depthwise_conv_nt_t_padded_s8.o(.ARM.exidx.text.arm_nn_depthwise_conv_nt_t_padded_s8), (8 bytes).
    Removing arm_nn_depthwise_conv_nt_t_s16.o(.text), (0 bytes).
    Removing arm_nn_depthwise_conv_nt_t_s16.o(.text.arm_nn_depthwise_conv_nt_t_s16), (46 bytes).
    Removing arm_nn_depthwise_conv_nt_t_s16.o(.ARM.exidx.text.arm_nn_depthwise_conv_nt_t_s16), (8 bytes).
    Removing arm_nn_depthwise_conv_nt_t_s4.o(.text), (0 bytes).
    Removing arm_nn_depthwise_conv_nt_t_s4.o(.text.arm_nn_depthwise_conv_nt_t_s4), (58 bytes).
    Removing arm_nn_depthwise_conv_nt_t_s4.o(.ARM.exidx.text.arm_nn_depthwise_conv_nt_t_s4), (8 bytes).
    Removing arm_nn_depthwise_conv_nt_t_s8.o(.text), (0 bytes).
    Removing arm_nn_depthwise_conv_nt_t_s8.o(.text.arm_nn_depthwise_conv_nt_t_s8), (58 bytes).
    Removing arm_nn_depthwise_conv_nt_t_s8.o(.ARM.exidx.text.arm_nn_depthwise_conv_nt_t_s8), (8 bytes).
    Removing arm_nn_lstm_calculate_gate_s16.o(.text), (0 bytes).
    Removing arm_nn_lstm_calculate_gate_s16.o(.text.arm_nn_lstm_calculate_gate_s16), (210 bytes).
    Removing arm_nn_lstm_calculate_gate_s16.o(.ARM.exidx.text.arm_nn_lstm_calculate_gate_s16), (8 bytes).
    Removing arm_nn_lstm_calculate_gate_s8_s16.o(.text), (0 bytes).
    Removing arm_nn_lstm_calculate_gate_s8_s16.o(.text.arm_nn_lstm_calculate_gate_s8_s16), (210 bytes).
    Removing arm_nn_lstm_calculate_gate_s8_s16.o(.ARM.exidx.text.arm_nn_lstm_calculate_gate_s8_s16), (8 bytes).
    Removing arm_nn_lstm_step_s16.o(.text), (0 bytes).
    Removing arm_nn_lstm_step_s16.o(.text.arm_nn_lstm_step_s16), (414 bytes).
    Removing arm_nn_lstm_step_s16.o(.ARM.exidx.text.arm_nn_lstm_step_s16), (8 bytes).
    Removing arm_nn_lstm_step_s8.o(.text), (0 bytes).
    Removing arm_nn_lstm_step_s8.o(.text.arm_nn_lstm_step_s8), (414 bytes).
    Removing arm_nn_lstm_step_s8.o(.ARM.exidx.text.arm_nn_lstm_step_s8), (8 bytes).
    Removing arm_nn_mat_mul_core_1x_s4.o(.text), (0 bytes).
    Removing arm_nn_mat_mul_core_1x_s4.o(.text.arm_nn_mat_mul_core_1x_s4), (38 bytes).
    Removing arm_nn_mat_mul_core_1x_s4.o(.ARM.exidx.text.arm_nn_mat_mul_core_1x_s4), (8 bytes).
    Removing arm_nn_mat_mul_core_1x_s8.o(.text), (0 bytes).
    Removing arm_nn_mat_mul_core_1x_s8.o(.text.arm_nn_mat_mul_core_1x_s8), (38 bytes).
    Removing arm_nn_mat_mul_core_1x_s8.o(.ARM.exidx.text.arm_nn_mat_mul_core_1x_s8), (8 bytes).
    Removing arm_nn_mat_mul_core_4x_s8.o(.text), (0 bytes).
    Removing arm_nn_mat_mul_core_4x_s8.o(.text.arm_nn_mat_mul_core_4x_s8), (36 bytes).
    Removing arm_nn_mat_mul_core_4x_s8.o(.ARM.exidx.text.arm_nn_mat_mul_core_4x_s8), (8 bytes).
    Removing arm_nn_mat_mult_nt_interleaved_t_even_s4.o(.text), (0 bytes).
    Removing arm_nn_mat_mult_nt_interleaved_t_even_s4.o(.text.arm_nn_mat_mult_nt_interleaved_t_even_s4), (7038 bytes).
    Removing arm_nn_mat_mult_nt_interleaved_t_even_s4.o(.ARM.exidx.text.arm_nn_mat_mult_nt_interleaved_t_even_s4), (8 bytes).
    Removing arm_nn_mat_mult_nt_t_s16.o(.text), (0 bytes).
    Removing arm_nn_mat_mult_nt_t_s16.o(.text.arm_nn_mat_mult_nt_t_s16), (46 bytes).
    Removing arm_nn_mat_mult_nt_t_s16.o(.ARM.exidx.text.arm_nn_mat_mult_nt_t_s16), (8 bytes).
    Removing arm_nn_mat_mult_nt_t_s4.o(.text), (0 bytes).
    Removing arm_nn_mat_mult_nt_t_s4.o(.text.arm_nn_mat_mult_nt_t_s4), (7996 bytes).
    Removing arm_nn_mat_mult_nt_t_s4.o(.ARM.exidx.text.arm_nn_mat_mult_nt_t_s4), (8 bytes).
    Removing arm_nn_mat_mult_nt_t_s8.o(.text), (0 bytes).
    Removing arm_nn_mat_mult_nt_t_s8.o(.text.arm_nn_mat_mult_nt_t_s8), (2706 bytes).
    Removing arm_nn_mat_mult_nt_t_s8.o(.ARM.exidx.text.arm_nn_mat_mult_nt_t_s8), (8 bytes).
    Removing arm_nn_mat_mult_nt_t_s8_s32.o(.text), (0 bytes).
    Removing arm_nn_mat_mult_nt_t_s8_s32.o(.text.arm_nn_mat_mult_nt_t_s8_s32), (568 bytes).
    Removing arm_nn_mat_mult_nt_t_s8_s32.o(.ARM.exidx.text.arm_nn_mat_mult_nt_t_s8_s32), (8 bytes).
    Removing arm_nn_transpose_conv_row_s8_s32.o(.text), (0 bytes).
    Removing arm_nn_transpose_conv_row_s8_s32.o(.text.arm_nn_transpose_conv_row_s8_s32), (1496 bytes).
    Removing arm_nn_transpose_conv_row_s8_s32.o(.ARM.exidx.text.arm_nn_transpose_conv_row_s8_s32), (8 bytes).
    Removing arm_nn_vec_mat_mul_result_acc_s16.o(.text), (0 bytes).
    Removing arm_nn_vec_mat_mul_result_acc_s16.o(.text.arm_nn_vec_mat_mul_result_acc_s16), (512 bytes).
    Removing arm_nn_vec_mat_mul_result_acc_s16.o(.ARM.exidx.text.arm_nn_vec_mat_mul_result_acc_s16), (8 bytes).
    Removing arm_nn_vec_mat_mul_result_acc_s8_s16.o(.text), (0 bytes).
    Removing arm_nn_vec_mat_mul_result_acc_s8_s16.o(.text.arm_nn_vec_mat_mul_result_acc_s8_s16), (1702 bytes).
    Removing arm_nn_vec_mat_mul_result_acc_s8_s16.o(.ARM.exidx.text.arm_nn_vec_mat_mul_result_acc_s8_s16), (8 bytes).
    Removing arm_nn_vec_mat_mult_t_per_ch_s8.o(.text), (0 bytes).
    Removing arm_nn_vec_mat_mult_t_per_ch_s8.o(.text.arm_nn_vec_mat_mult_t_per_ch_s8), (3218 bytes).
    Removing arm_nn_vec_mat_mult_t_per_ch_s8.o(.ARM.exidx.text.arm_nn_vec_mat_mult_t_per_ch_s8), (8 bytes).
    Removing arm_nn_vec_mat_mult_t_s16.o(.text), (0 bytes).
    Removing arm_nn_vec_mat_mult_t_s16.o(.text.arm_nn_vec_mat_mult_t_s16), (414 bytes).
    Removing arm_nn_vec_mat_mult_t_s16.o(.ARM.exidx.text.arm_nn_vec_mat_mult_t_s16), (8 bytes).
    Removing arm_nn_vec_mat_mult_t_s16_s16.o(.text), (0 bytes).
    Removing arm_nn_vec_mat_mult_t_s16_s16.o(.text.arm_nn_vec_mat_mult_t_s16_s16), (416 bytes).
    Removing arm_nn_vec_mat_mult_t_s16_s16.o(.ARM.exidx.text.arm_nn_vec_mat_mult_t_s16_s16), (8 bytes).
    Removing arm_nn_vec_mat_mult_t_s4.o(.text), (0 bytes).
    Removing arm_nn_vec_mat_mult_t_s4.o(.text.arm_nn_vec_mat_mult_t_s4), (2378 bytes).
    Removing arm_nn_vec_mat_mult_t_s4.o(.ARM.exidx.text.arm_nn_vec_mat_mult_t_s4), (8 bytes).
    Removing arm_nn_vec_mat_mult_t_s8.o(.text), (0 bytes).
    Removing arm_nn_vec_mat_mult_t_s8.o(.text.arm_nn_vec_mat_mult_t_s8), (3122 bytes).
    Removing arm_nn_vec_mat_mult_t_s8.o(.ARM.exidx.text.arm_nn_vec_mat_mult_t_s8), (8 bytes).
    Removing arm_nn_vec_mat_mult_t_svdf_s8.o(.text), (0 bytes).
    Removing arm_nn_vec_mat_mult_t_svdf_s8.o(.text.arm_nn_vec_mat_mult_t_svdf_s8), (1522 bytes).
    Removing arm_nn_vec_mat_mult_t_svdf_s8.o(.ARM.exidx.text.arm_nn_vec_mat_mult_t_svdf_s8), (8 bytes).
    Removing arm_nntables.o(.text), (0 bytes).
    Removing arm_nntables.o(.rodata.sigmoid_table_uint16), (512 bytes).
    Removing arm_q7_to_q15_with_offset.o(.text), (0 bytes).
    Removing arm_q7_to_q15_with_offset.o(.text.arm_q7_to_q15_with_offset), (62 bytes).
    Removing arm_q7_to_q15_with_offset.o(.ARM.exidx.text.arm_q7_to_q15_with_offset), (8 bytes).
    Removing arm_s8_to_s16_unordered_with_offset.o(.text), (0 bytes).
    Removing arm_pad_s8.o(.text), (0 bytes).
    Removing arm_pad_s8.o(.text.arm_pad_s8), (682 bytes).
    Removing arm_pad_s8.o(.ARM.exidx.text.arm_pad_s8), (8 bytes).
    Removing arm_avgpool_get_buffer_sizes_s16.o(.text), (0 bytes).
    Removing arm_avgpool_get_buffer_sizes_s16.o(.text.arm_avgpool_s16_get_buffer_size), (12 bytes).
    Removing arm_avgpool_get_buffer_sizes_s16.o(.ARM.exidx.text.arm_avgpool_s16_get_buffer_size), (8 bytes).
    Removing arm_avgpool_get_buffer_sizes_s16.o(.text.arm_avgpool_s16_get_buffer_size_dsp), (14 bytes).
    Removing arm_avgpool_get_buffer_sizes_s16.o(.ARM.exidx.text.arm_avgpool_s16_get_buffer_size_dsp), (8 bytes).
    Removing arm_avgpool_get_buffer_sizes_s16.o(.text.arm_avgpool_s16_get_buffer_size_mve), (12 bytes).
    Removing arm_avgpool_get_buffer_sizes_s16.o(.ARM.exidx.text.arm_avgpool_s16_get_buffer_size_mve), (8 bytes).
    Removing arm_avgpool_get_buffer_sizes_s8.o(.text), (0 bytes).
    Removing arm_avgpool_get_buffer_sizes_s8.o(.text.arm_avgpool_s8_get_buffer_size), (12 bytes).
    Removing arm_avgpool_get_buffer_sizes_s8.o(.ARM.exidx.text.arm_avgpool_s8_get_buffer_size), (8 bytes).
    Removing arm_avgpool_get_buffer_sizes_s8.o(.text.arm_avgpool_s8_get_buffer_size_dsp), (14 bytes).
    Removing arm_avgpool_get_buffer_sizes_s8.o(.ARM.exidx.text.arm_avgpool_s8_get_buffer_size_dsp), (8 bytes).
    Removing arm_avgpool_get_buffer_sizes_s8.o(.text.arm_avgpool_s8_get_buffer_size_mve), (12 bytes).
    Removing arm_avgpool_get_buffer_sizes_s8.o(.ARM.exidx.text.arm_avgpool_s8_get_buffer_size_mve), (8 bytes).
    Removing arm_avgpool_s16.o(.text), (0 bytes).
    Removing arm_avgpool_s16.o(.text.arm_avgpool_s16), (702 bytes).
    Removing arm_avgpool_s16.o(.ARM.exidx.text.arm_avgpool_s16), (8 bytes).
    Removing arm_avgpool_s8.o(.text), (0 bytes).
    Removing arm_avgpool_s8.o(.text.arm_avgpool_s8), (636 bytes).
    Removing arm_avgpool_s8.o(.ARM.exidx.text.arm_avgpool_s8), (8 bytes).
    Removing arm_max_pool_s16.o(.text), (0 bytes).
    Removing arm_max_pool_s16.o(.text.arm_max_pool_s16), (562 bytes).
    Removing arm_max_pool_s16.o(.ARM.exidx.text.arm_max_pool_s16), (8 bytes).
    Removing arm_max_pool_s16.o(.text.compare_and_replace_if_larger), (198 bytes).
    Removing arm_max_pool_s16.o(.ARM.exidx.text.compare_and_replace_if_larger), (8 bytes).
    Removing arm_max_pool_s16.o(.text.clamp_output), (328 bytes).
    Removing arm_max_pool_s16.o(.ARM.exidx.text.clamp_output), (8 bytes).
    Removing arm_max_pool_s8.o(.text), (0 bytes).
    Removing arm_max_pool_s8.o(.text.arm_max_pool_s8), (558 bytes).
    Removing arm_max_pool_s8.o(.ARM.exidx.text.arm_max_pool_s8), (8 bytes).
    Removing arm_max_pool_s8.o(.text.compare_and_replace_if_larger_q7), (268 bytes).
    Removing arm_max_pool_s8.o(.ARM.exidx.text.compare_and_replace_if_larger_q7), (8 bytes).
    Removing arm_max_pool_s8.o(.text.clamp_output), (430 bytes).
    Removing arm_max_pool_s8.o(.ARM.exidx.text.clamp_output), (8 bytes).
    Removing arm_reshape_s8.o(.text), (0 bytes).
    Removing arm_reshape_s8.o(.text.arm_reshape_s8), (36 bytes).
    Removing arm_reshape_s8.o(.ARM.exidx.text.arm_reshape_s8), (8 bytes).
    Removing arm_svdf_get_buffer_sizes_s8.o(.text), (0 bytes).
    Removing arm_svdf_get_buffer_sizes_s8.o(.text.arm_svdf_s8_get_buffer_size_dsp), (10 bytes).
    Removing arm_svdf_get_buffer_sizes_s8.o(.ARM.exidx.text.arm_svdf_s8_get_buffer_size_dsp), (8 bytes).
    Removing arm_svdf_get_buffer_sizes_s8.o(.text.arm_svdf_s8_get_buffer_size_mve), (14 bytes).
    Removing arm_svdf_get_buffer_sizes_s8.o(.ARM.exidx.text.arm_svdf_s8_get_buffer_size_mve), (8 bytes).
    Removing arm_svdf_get_buffer_sizes_s8.o(.text.arm_svdf_s8_get_buffer_size), (16 bytes).
    Removing arm_svdf_get_buffer_sizes_s8.o(.ARM.exidx.text.arm_svdf_s8_get_buffer_size), (8 bytes).
    Removing arm_svdf_s8.o(.text), (0 bytes).
    Removing arm_svdf_s8.o(.text.arm_svdf_s8), (1932 bytes).
    Removing arm_svdf_s8.o(.ARM.exidx.text.arm_svdf_s8), (8 bytes).
    Removing arm_svdf_state_s16_s8.o(.text), (0 bytes).
    Removing arm_svdf_state_s16_s8.o(.text.arm_svdf_state_s16_s8), (1908 bytes).
    Removing arm_svdf_state_s16_s8.o(.ARM.exidx.text.arm_svdf_state_s16_s8), (8 bytes).
    Removing arm_nn_softmax_common_s8.o(.text), (0 bytes).
    Removing arm_nn_softmax_common_s8.o(.text.arm_nn_softmax_common_s8), (11072 bytes).
    Removing arm_nn_softmax_common_s8.o(.ARM.exidx.text.arm_nn_softmax_common_s8), (8 bytes).
    Removing arm_softmax_s16.o(.text), (0 bytes).
    Removing arm_softmax_s16.o(.text.arm_softmax_s16), (884 bytes).
    Removing arm_softmax_s16.o(.ARM.exidx.text.arm_softmax_s16), (8 bytes).
    Removing arm_softmax_s8.o(.text), (0 bytes).
    Removing arm_softmax_s8.o(.text.arm_softmax_s8), (68 bytes).
    Removing arm_softmax_s8.o(.ARM.exidx.text.arm_softmax_s8), (8 bytes).
    Removing arm_softmax_s8_s16.o(.text), (0 bytes).
    Removing arm_softmax_s8_s16.o(.text.arm_softmax_s8_s16), (68 bytes).
    Removing arm_softmax_s8_s16.o(.ARM.exidx.text.arm_softmax_s8_s16), (8 bytes).
    Removing arm_softmax_u8.o(.text), (0 bytes).
    Removing arm_softmax_u8.o(.text.arm_softmax_u8), (7232 bytes).
    Removing arm_softmax_u8.o(.ARM.exidx.text.arm_softmax_u8), (8 bytes).
    Removing arm_transpose_s8.o(.text), (0 bytes).
    Removing arm_transpose_s8.o(.text.arm_transpose_s8), (472 bytes).
    Removing arm_transpose_s8.o(.ARM.exidx.text.arm_transpose_s8), (8 bytes).
    Removing arm_transpose_s8.o(.text.arm_transpose_s8_nhcw), (258 bytes).
    Removing arm_transpose_s8.o(.ARM.exidx.text.arm_transpose_s8_nhcw), (8 bytes).
    Removing arm_transpose_s8.o(.text.arm_transpose_s8_default), (242 bytes).
    Removing arm_transpose_s8.o(.ARM.exidx.text.arm_transpose_s8_default), (8 bytes).
    Removing retarget_io.o(.text), (0 bytes).
    Removing gpio_stm32f10x.o(.text), (0 bytes).
    Removing gpio_stm32f10x.o(.text.GPIO_PortClock), (528 bytes).
    Removing gpio_stm32f10x.o(.ARM.exidx.text.GPIO_PortClock), (8 bytes).
    Removing gpio_stm32f10x.o(.text.GPIO_GetPortClockState), (284 bytes).
    Removing gpio_stm32f10x.o(.ARM.exidx.text.GPIO_GetPortClockState), (8 bytes).
    Removing gpio_stm32f10x.o(.text.GPIO_PinConfigure), (222 bytes).
    Removing gpio_stm32f10x.o(.ARM.exidx.text.GPIO_PinConfigure), (8 bytes).
    Removing gpio_stm32f10x.o(.text.GPIO_AFConfigure), (228 bytes).
    Removing gpio_stm32f10x.o(.ARM.exidx.text.GPIO_AFConfigure), (8 bytes).
    Removing system_stm32f10x.o(.text), (0 bytes).
    Removing system_stm32f10x.o(.ARM.exidx.text.SystemInit), (8 bytes).
    Removing system_stm32f10x.o(.ARM.exidx.text.SetSysClock), (8 bytes).
    Removing system_stm32f10x.o(.ARM.exidx.text.SystemCoreClockUpdate), (8 bytes).
    Removing system_stm32f10x.o(.ARM.exidx.text.SetSysClockTo72), (8 bytes).

483 unused section(s) (total 127084 bytes) removed from the image.

==============================================================================

Image Symbol Table

    Local Symbols

    Symbol Name                              Value     Ov Type        Size  Object(Section)

    ../clib/angel/boardlib.s                 0x00000000   Number         0  boardinit1.o ABSOLUTE
    ../clib/angel/boardlib.s                 0x00000000   Number         0  boardinit2.o ABSOLUTE
    ../clib/angel/boardlib.s                 0x00000000   Number         0  boardinit3.o ABSOLUTE
    ../clib/angel/boardlib.s                 0x00000000   Number         0  boardshut.o ABSOLUTE
    ../clib/angel/handlers.s                 0x00000000   Number         0  __scatter_copy.o ABSOLUTE
    ../clib/angel/handlers.s                 0x00000000   Number         0  __scatter_zi.o ABSOLUTE
    ../clib/angel/kernel.s                   0x00000000   Number         0  __rtentry.o ABSOLUTE
    ../clib/angel/kernel.s                   0x00000000   Number         0  __rtentry2.o ABSOLUTE
    ../clib/angel/kernel.s                   0x00000000   Number         0  __rtentry4.o ABSOLUTE
    ../clib/angel/kernel.s                   0x00000000   Number         0  rtexit.o ABSOLUTE
    ../clib/angel/kernel.s                   0x00000000   Number         0  rtexit2.o ABSOLUTE
    ../clib/angel/rt.s                       0x00000000   Number         0  rt_raise.o ABSOLUTE
    ../clib/angel/scatter.s                  0x00000000   Number         0  __scatter.o ABSOLUTE
    ../clib/angel/startup.s                  0x00000000   Number         0  __main.o ABSOLUTE
    ../clib/angel/sys.s                      0x00000000   Number         0  sys_stackheap_outer.o ABSOLUTE
    ../clib/angel/sys.s                      0x00000000   Number         0  libspace.o ABSOLUTE
    ../clib/angel/sys.s                      0x00000000   Number         0  use_no_semi.o ABSOLUTE
    ../clib/angel/sys.s                      0x00000000   Number         0  indicate_semi.o ABSOLUTE
    ../clib/angel/sysapp.c                   0x00000000   Number         0  sys_exit.o ABSOLUTE
    ../clib/angel/sysapp.c                   0x00000000   Number         0  sys_exit_hlt.o ABSOLUTE
    ../clib/angel/sysapp.c                   0x00000000   Number         0  sys_command.o ABSOLUTE
    ../clib/angel/sysapp.c                   0x00000000   Number         0  sys_command_hlt.o ABSOLUTE
    ../clib/angel/sysapp.c                   0x00000000   Number         0  sys_wrch.o ABSOLUTE
    ../clib/angel/sysapp.c                   0x00000000   Number         0  sys_wrch_hlt.o ABSOLUTE
    ../clib/armsys.c                         0x00000000   Number         0  argv_veneer.o ABSOLUTE
    ../clib/armsys.c                         0x00000000   Number         0  argv_veneer.o ABSOLUTE
    ../clib/armsys.c                         0x00000000   Number         0  _get_argv_nomalloc.o ABSOLUTE
    ../clib/armsys.c                         0x00000000   Number         0  no_argv.o ABSOLUTE
    ../clib/heapalloc.c                      0x00000000   Number         0  hrguard.o ABSOLUTE
    ../clib/heapaux.c                        0x00000000   Number         0  heapauxi.o ABSOLUTE
    ../clib/libinit.s                        0x00000000   Number         0  libinit.o ABSOLUTE
    ../clib/libinit.s                        0x00000000   Number         0  libinit2.o ABSOLUTE
    ../clib/libinit.s                        0x00000000   Number         0  libshutdown.o ABSOLUTE
    ../clib/libinit.s                        0x00000000   Number         0  libshutdown2.o ABSOLUTE
    ../clib/memcpset.s                       0x00000000   Number         0  rt_memcpy_v6.o ABSOLUTE
    ../clib/memcpset.s                       0x00000000   Number         0  rt_memmove_v6.o ABSOLUTE
    ../clib/memcpset.s                       0x00000000   Number         0  rt_memcpy_w.o ABSOLUTE
    ../clib/memcpset.s                       0x00000000   Number         0  aeabi_memset.o ABSOLUTE
    ../clib/memcpset.s                       0x00000000   Number         0  rt_memclr.o ABSOLUTE
    ../clib/memcpset.s                       0x00000000   Number         0  rt_memclr_w.o ABSOLUTE
    ../clib/memcpset.s                       0x00000000   Number         0  rt_memmove_w.o ABSOLUTE
    ../clib/signal.c                         0x00000000   Number         0  defsig_rtmem_outer.o ABSOLUTE
    ../clib/signal.c                         0x00000000   Number         0  defsig_rtmem_formal.o ABSOLUTE
    ../clib/signal.c                         0x00000000   Number         0  defsig_exit.o ABSOLUTE
    ../clib/signal.c                         0x00000000   Number         0  defsig_rtmem_inner.o ABSOLUTE
    ../clib/signal.c                         0x00000000   Number         0  __raise.o ABSOLUTE
    ../clib/signal.c                         0x00000000   Number         0  defsig_general.o ABSOLUTE
    ../clib/signal.c                         0x00000000   Number         0  defsig_abrt_inner.o ABSOLUTE
    ../clib/signal.c                         0x00000000   Number         0  defsig_fpe_inner.o ABSOLUTE
    ../clib/signal.c                         0x00000000   Number         0  defsig_rtred_inner.o ABSOLUTE
    ../clib/signal.c                         0x00000000   Number         0  defsig_stak_inner.o ABSOLUTE
    ../clib/signal.c                         0x00000000   Number         0  defsig_pvfn_inner.o ABSOLUTE
    ../clib/signal.c                         0x00000000   Number         0  defsig_cppl_inner.o ABSOLUTE
    ../clib/signal.c                         0x00000000   Number         0  defsig_segv_inner.o ABSOLUTE
    ../clib/signal.c                         0x00000000   Number         0  defsig_other.o ABSOLUTE
    ../clib/signal.s                         0x00000000   Number         0  defsig.o ABSOLUTE
    ../clib/stdlib.c                         0x00000000   Number         0  exit.o ABSOLUTE
    ../fplib/fpinit.s                        0x00000000   Number         0  fpinit.o ABSOLUTE
    ../fplib/fpinit_empty.s                  0x00000000   Number         0  fpinit_empty.o ABSOLUTE
    GPIO_STM32F10x.c                         0x00000000   Number         0  gpio_stm32f10x.o ABSOLUTE
    RTE/Device/STM32F103C8/startup_stm32f10x_md.s 0x00000000   Number         0  startup_stm32f10x_md.o ABSOLUTE
    adc.c                                    0x00000000   Number         0  adc.o ABSOLUTE
    arm_avgpool_get_buffer_sizes_s16.c       0x00000000   Number         0  arm_avgpool_get_buffer_sizes_s16.o ABSOLUTE
    arm_avgpool_get_buffer_sizes_s8.c        0x00000000   Number         0  arm_avgpool_get_buffer_sizes_s8.o ABSOLUTE
    arm_avgpool_s16.c                        0x00000000   Number         0  arm_avgpool_s16.o ABSOLUTE
    arm_avgpool_s8.c                         0x00000000   Number         0  arm_avgpool_s8.o ABSOLUTE
    arm_batch_matmul_s16.c                   0x00000000   Number         0  arm_batch_matmul_s16.o ABSOLUTE
    arm_batch_matmul_s8.c                    0x00000000   Number         0  arm_batch_matmul_s8.o ABSOLUTE
    arm_concatenation_s8_w.c                 0x00000000   Number         0  arm_concatenation_s8_w.o ABSOLUTE
    arm_concatenation_s8_x.c                 0x00000000   Number         0  arm_concatenation_s8_x.o ABSOLUTE
    arm_concatenation_s8_y.c                 0x00000000   Number         0  arm_concatenation_s8_y.o ABSOLUTE
    arm_concatenation_s8_z.c                 0x00000000   Number         0  arm_concatenation_s8_z.o ABSOLUTE
    arm_convolve_1_x_n_s4.c                  0x00000000   Number         0  arm_convolve_1_x_n_s4.o ABSOLUTE
    arm_convolve_1_x_n_s8.c                  0x00000000   Number         0  arm_convolve_1_x_n_s8.o ABSOLUTE
    arm_convolve_1x1_s4.c                    0x00000000   Number         0  arm_convolve_1x1_s4.o ABSOLUTE
    arm_convolve_1x1_s4_fast.c               0x00000000   Number         0  arm_convolve_1x1_s4_fast.o ABSOLUTE
    arm_convolve_1x1_s8.c                    0x00000000   Number         0  arm_convolve_1x1_s8.o ABSOLUTE
    arm_convolve_1x1_s8_fast.c               0x00000000   Number         0  arm_convolve_1x1_s8_fast.o ABSOLUTE
    arm_convolve_even_s4.c                   0x00000000   Number         0  arm_convolve_even_s4.o ABSOLUTE
    arm_convolve_get_buffer_sizes_s16.c      0x00000000   Number         0  arm_convolve_get_buffer_sizes_s16.o ABSOLUTE
    arm_convolve_get_buffer_sizes_s4.c       0x00000000   Number         0  arm_convolve_get_buffer_sizes_s4.o ABSOLUTE
    arm_convolve_get_buffer_sizes_s8.c       0x00000000   Number         0  arm_convolve_get_buffer_sizes_s8.o ABSOLUTE
    arm_convolve_s16.c                       0x00000000   Number         0  arm_convolve_s16.o ABSOLUTE
    arm_convolve_s4.c                        0x00000000   Number         0  arm_convolve_s4.o ABSOLUTE
    arm_convolve_s8.c                        0x00000000   Number         0  arm_convolve_s8.o ABSOLUTE
    arm_convolve_wrapper_s16.c               0x00000000   Number         0  arm_convolve_wrapper_s16.o ABSOLUTE
    arm_convolve_wrapper_s4.c                0x00000000   Number         0  arm_convolve_wrapper_s4.o ABSOLUTE
    arm_convolve_wrapper_s8.c                0x00000000   Number         0  arm_convolve_wrapper_s8.o ABSOLUTE
    arm_depthwise_conv_3x3_s8.c              0x00000000   Number         0  arm_depthwise_conv_3x3_s8.o ABSOLUTE
    arm_depthwise_conv_fast_s16.c            0x00000000   Number         0  arm_depthwise_conv_fast_s16.o ABSOLUTE
    arm_depthwise_conv_get_buffer_sizes_s16.c 0x00000000   Number         0  arm_depthwise_conv_get_buffer_sizes_s16.o ABSOLUTE
    arm_depthwise_conv_get_buffer_sizes_s4.c 0x00000000   Number         0  arm_depthwise_conv_get_buffer_sizes_s4.o ABSOLUTE
    arm_depthwise_conv_get_buffer_sizes_s8.c 0x00000000   Number         0  arm_depthwise_conv_get_buffer_sizes_s8.o ABSOLUTE
    arm_depthwise_conv_s16.c                 0x00000000   Number         0  arm_depthwise_conv_s16.o ABSOLUTE
    arm_depthwise_conv_s4.c                  0x00000000   Number         0  arm_depthwise_conv_s4.o ABSOLUTE
    arm_depthwise_conv_s4_opt.c              0x00000000   Number         0  arm_depthwise_conv_s4_opt.o ABSOLUTE
    arm_depthwise_conv_s8.c                  0x00000000   Number         0  arm_depthwise_conv_s8.o ABSOLUTE
    arm_depthwise_conv_s8_opt.c              0x00000000   Number         0  arm_depthwise_conv_s8_opt.o ABSOLUTE
    arm_depthwise_conv_wrapper_s16.c         0x00000000   Number         0  arm_depthwise_conv_wrapper_s16.o ABSOLUTE
    arm_depthwise_conv_wrapper_s4.c          0x00000000   Number         0  arm_depthwise_conv_wrapper_s4.o ABSOLUTE
    arm_depthwise_conv_wrapper_s8.c          0x00000000   Number         0  arm_depthwise_conv_wrapper_s8.o ABSOLUTE
    arm_elementwise_add_s16.c                0x00000000   Number         0  arm_elementwise_add_s16.o ABSOLUTE
    arm_elementwise_add_s8.c                 0x00000000   Number         0  arm_elementwise_add_s8.o ABSOLUTE
    arm_elementwise_mul_acc_s16.c            0x00000000   Number         0  arm_elementwise_mul_acc_s16.o ABSOLUTE
    arm_elementwise_mul_s16.c                0x00000000   Number         0  arm_elementwise_mul_s16.o ABSOLUTE
    arm_elementwise_mul_s16_batch_offset.c   0x00000000   Number         0  arm_elementwise_mul_s16_batch_offset.o ABSOLUTE
    arm_elementwise_mul_s16_s8.c             0x00000000   Number         0  arm_elementwise_mul_s16_s8.o ABSOLUTE
    arm_elementwise_mul_s8.c                 0x00000000   Number         0  arm_elementwise_mul_s8.o ABSOLUTE
    arm_fully_connected_get_buffer_sizes_s16.c 0x00000000   Number         0  arm_fully_connected_get_buffer_sizes_s16.o ABSOLUTE
    arm_fully_connected_get_buffer_sizes_s8.c 0x00000000   Number         0  arm_fully_connected_get_buffer_sizes_s8.o ABSOLUTE
    arm_fully_connected_per_channel_s8.c     0x00000000   Number         0  arm_fully_connected_per_channel_s8.o ABSOLUTE
    arm_fully_connected_s16.c                0x00000000   Number         0  arm_fully_connected_s16.o ABSOLUTE
    arm_fully_connected_s4.c                 0x00000000   Number         0  arm_fully_connected_s4.o ABSOLUTE
    arm_fully_connected_s8.c                 0x00000000   Number         0  arm_fully_connected_s8.o ABSOLUTE
    arm_fully_connected_wrapper_s8.c         0x00000000   Number         0  arm_fully_connected_wrapper_s8.o ABSOLUTE
    arm_lstm_unidirectional_s16.c            0x00000000   Number         0  arm_lstm_unidirectional_s16.o ABSOLUTE
    arm_lstm_unidirectional_s8.c             0x00000000   Number         0  arm_lstm_unidirectional_s8.o ABSOLUTE
    arm_max_pool_s16.c                       0x00000000   Number         0  arm_max_pool_s16.o ABSOLUTE
    arm_max_pool_s8.c                        0x00000000   Number         0  arm_max_pool_s8.o ABSOLUTE
    arm_maximum_s8.c                         0x00000000   Number         0  arm_maximum_s8.o ABSOLUTE
    arm_minimum_s8.c                         0x00000000   Number         0  arm_minimum_s8.o ABSOLUTE
    arm_nn_activation_s16.c                  0x00000000   Number         0  arm_nn_activation_s16.o ABSOLUTE
    arm_nn_depthwise_conv_nt_t_padded_s8.c   0x00000000   Number         0  arm_nn_depthwise_conv_nt_t_padded_s8.o ABSOLUTE
    arm_nn_depthwise_conv_nt_t_s16.c         0x00000000   Number         0  arm_nn_depthwise_conv_nt_t_s16.o ABSOLUTE
    arm_nn_depthwise_conv_nt_t_s4.c          0x00000000   Number         0  arm_nn_depthwise_conv_nt_t_s4.o ABSOLUTE
    arm_nn_depthwise_conv_nt_t_s8.c          0x00000000   Number         0  arm_nn_depthwise_conv_nt_t_s8.o ABSOLUTE
    arm_nn_depthwise_conv_s8_core.c          0x00000000   Number         0  arm_nn_depthwise_conv_s8_core.o ABSOLUTE
    arm_nn_lstm_calculate_gate_s16.c         0x00000000   Number         0  arm_nn_lstm_calculate_gate_s16.o ABSOLUTE
    arm_nn_lstm_calculate_gate_s8_s16.c      0x00000000   Number         0  arm_nn_lstm_calculate_gate_s8_s16.o ABSOLUTE
    arm_nn_lstm_step_s16.c                   0x00000000   Number         0  arm_nn_lstm_step_s16.o ABSOLUTE
    arm_nn_lstm_step_s8.c                    0x00000000   Number         0  arm_nn_lstm_step_s8.o ABSOLUTE
    arm_nn_mat_mul_core_1x_s4.c              0x00000000   Number         0  arm_nn_mat_mul_core_1x_s4.o ABSOLUTE
    arm_nn_mat_mul_core_1x_s8.c              0x00000000   Number         0  arm_nn_mat_mul_core_1x_s8.o ABSOLUTE
    arm_nn_mat_mul_core_4x_s8.c              0x00000000   Number         0  arm_nn_mat_mul_core_4x_s8.o ABSOLUTE
    arm_nn_mat_mult_kernel_row_offset_s8_s16.c 0x00000000   Number         0  arm_nn_mat_mult_kernel_row_offset_s8_s16.o ABSOLUTE
    arm_nn_mat_mult_kernel_s16.c             0x00000000   Number         0  arm_nn_mat_mult_kernel_s16.o ABSOLUTE
    arm_nn_mat_mult_kernel_s4_s16.c          0x00000000   Number         0  arm_nn_mat_mult_kernel_s4_s16.o ABSOLUTE
    arm_nn_mat_mult_kernel_s8_s16.c          0x00000000   Number         0  arm_nn_mat_mult_kernel_s8_s16.o ABSOLUTE
    arm_nn_mat_mult_nt_interleaved_t_even_s4.c 0x00000000   Number         0  arm_nn_mat_mult_nt_interleaved_t_even_s4.o ABSOLUTE
    arm_nn_mat_mult_nt_t_s16.c               0x00000000   Number         0  arm_nn_mat_mult_nt_t_s16.o ABSOLUTE
    arm_nn_mat_mult_nt_t_s4.c                0x00000000   Number         0  arm_nn_mat_mult_nt_t_s4.o ABSOLUTE
    arm_nn_mat_mult_nt_t_s8.c                0x00000000   Number         0  arm_nn_mat_mult_nt_t_s8.o ABSOLUTE
    arm_nn_mat_mult_nt_t_s8_s32.c            0x00000000   Number         0  arm_nn_mat_mult_nt_t_s8_s32.o ABSOLUTE
    arm_nn_mat_mult_s8.c                     0x00000000   Number         0  arm_nn_mat_mult_s8.o ABSOLUTE
    arm_nn_softmax_common_s8.c               0x00000000   Number         0  arm_nn_softmax_common_s8.o ABSOLUTE
    arm_nn_transpose_conv_row_s8_s32.c       0x00000000   Number         0  arm_nn_transpose_conv_row_s8_s32.o ABSOLUTE
    arm_nn_vec_mat_mul_result_acc_s16.c      0x00000000   Number         0  arm_nn_vec_mat_mul_result_acc_s16.o ABSOLUTE
    arm_nn_vec_mat_mul_result_acc_s8_s16.c   0x00000000   Number         0  arm_nn_vec_mat_mul_result_acc_s8_s16.o ABSOLUTE
    arm_nn_vec_mat_mult_t_per_ch_s8.c        0x00000000   Number         0  arm_nn_vec_mat_mult_t_per_ch_s8.o ABSOLUTE
    arm_nn_vec_mat_mult_t_s16.c              0x00000000   Number         0  arm_nn_vec_mat_mult_t_s16.o ABSOLUTE
    arm_nn_vec_mat_mult_t_s16_s16.c          0x00000000   Number         0  arm_nn_vec_mat_mult_t_s16_s16.o ABSOLUTE
    arm_nn_vec_mat_mult_t_s4.c               0x00000000   Number         0  arm_nn_vec_mat_mult_t_s4.o ABSOLUTE
    arm_nn_vec_mat_mult_t_s8.c               0x00000000   Number         0  arm_nn_vec_mat_mult_t_s8.o ABSOLUTE
    arm_nn_vec_mat_mult_t_svdf_s8.c          0x00000000   Number         0  arm_nn_vec_mat_mult_t_svdf_s8.o ABSOLUTE
    arm_nntables.c                           0x00000000   Number         0  arm_nntables.o ABSOLUTE
    arm_pad_s8.c                             0x00000000   Number         0  arm_pad_s8.o ABSOLUTE
    arm_q7_to_q15_with_offset.c              0x00000000   Number         0  arm_q7_to_q15_with_offset.o ABSOLUTE
    arm_relu6_s8.c                           0x00000000   Number         0  arm_relu6_s8.o ABSOLUTE
    arm_relu_q15.c                           0x00000000   Number         0  arm_relu_q15.o ABSOLUTE
    arm_relu_q7.c                            0x00000000   Number         0  arm_relu_q7.o ABSOLUTE
    arm_reshape_s8.c                         0x00000000   Number         0  arm_reshape_s8.o ABSOLUTE
    arm_s8_to_s16_unordered_with_offset.c    0x00000000   Number         0  arm_s8_to_s16_unordered_with_offset.o ABSOLUTE
    arm_softmax_s16.c                        0x00000000   Number         0  arm_softmax_s16.o ABSOLUTE
    arm_softmax_s8.c                         0x00000000   Number         0  arm_softmax_s8.o ABSOLUTE
    arm_softmax_s8_s16.c                     0x00000000   Number         0  arm_softmax_s8_s16.o ABSOLUTE
    arm_softmax_u8.c                         0x00000000   Number         0  arm_softmax_u8.o ABSOLUTE
    arm_svdf_get_buffer_sizes_s8.c           0x00000000   Number         0  arm_svdf_get_buffer_sizes_s8.o ABSOLUTE
    arm_svdf_s8.c                            0x00000000   Number         0  arm_svdf_s8.o ABSOLUTE
    arm_svdf_state_s16_s8.c                  0x00000000   Number         0  arm_svdf_state_s16_s8.o ABSOLUTE
    arm_transpose_conv_get_buffer_sizes_s8.c 0x00000000   Number         0  arm_transpose_conv_get_buffer_sizes_s8.o ABSOLUTE
    arm_transpose_conv_s8.c                  0x00000000   Number         0  arm_transpose_conv_s8.o ABSOLUTE
    arm_transpose_conv_wrapper_s8.c          0x00000000   Number         0  arm_transpose_conv_wrapper_s8.o ABSOLUTE
    arm_transpose_s8.c                       0x00000000   Number         0  arm_transpose_s8.o ABSOLUTE
    arm_vector_sum_s8.c                      0x00000000   Number         0  arm_vector_sum_s8.o ABSOLUTE
    arm_vector_sum_s8_s64.c                  0x00000000   Number         0  arm_vector_sum_s8_s64.o ABSOLUTE
    dc.s                                     0x00000000   Number         0  dc.o ABSOLUTE
    main.c                                   0x00000000   Number         0  main.o ABSOLUTE
    pwm.c                                    0x00000000   Number         0  pwm.o ABSOLUTE
    retarget_io.c                            0x00000000   Number         0  retarget_io.o ABSOLUTE
    system_stm32f10x.c                       0x00000000   Number         0  system_stm32f10x.o ABSOLUTE
    RESET                                    0x08000000   Section      236  startup_stm32f10x_md.o(RESET)
    !!!main                                  0x080000ec   Section        8  __main.o(!!!main)
    !!!scatter                               0x080000f4   Section       92  __scatter.o(!!!scatter)
    !!handler_copy                           0x08000150   Section       26  __scatter_copy.o(!!handler_copy)
    !!handler_null                           0x0800016c   Section        2  __scatter.o(!!handler_null)
    !!handler_zi                             0x08000170   Section       28  __scatter_zi.o(!!handler_zi)
    .ARM.Collect$$libinit$$00000000          0x0800018c   Section        2  libinit.o(.ARM.Collect$$libinit$$00000000)
    .ARM.Collect$$libinit$$00000002          0x0800018e   Section        0  libinit2.o(.ARM.Collect$$libinit$$00000002)
    .ARM.Collect$$libinit$$00000004          0x0800018e   Section        0  libinit2.o(.ARM.Collect$$libinit$$00000004)
    .ARM.Collect$$libinit$$00000006          0x0800018e   Section        0  libinit2.o(.ARM.Collect$$libinit$$00000006)
    .ARM.Collect$$libinit$$0000000C          0x0800018e   Section        0  libinit2.o(.ARM.Collect$$libinit$$0000000C)
    .ARM.Collect$$libinit$$0000000E          0x0800018e   Section        0  libinit2.o(.ARM.Collect$$libinit$$0000000E)
    .ARM.Collect$$libinit$$00000010          0x0800018e   Section        0  libinit2.o(.ARM.Collect$$libinit$$00000010)
    .ARM.Collect$$libinit$$00000013          0x0800018e   Section        0  libinit2.o(.ARM.Collect$$libinit$$00000013)
    .ARM.Collect$$libinit$$00000015          0x0800018e   Section        0  libinit2.o(.ARM.Collect$$libinit$$00000015)
    .ARM.Collect$$libinit$$00000017          0x0800018e   Section        0  libinit2.o(.ARM.Collect$$libinit$$00000017)
    .ARM.Collect$$libinit$$00000019          0x0800018e   Section        0  libinit2.o(.ARM.Collect$$libinit$$00000019)
    .ARM.Collect$$libinit$$0000001B          0x0800018e   Section        0  libinit2.o(.ARM.Collect$$libinit$$0000001B)
    .ARM.Collect$$libinit$$0000001D          0x0800018e   Section        0  libinit2.o(.ARM.Collect$$libinit$$0000001D)
    .ARM.Collect$$libinit$$0000001F          0x0800018e   Section        0  libinit2.o(.ARM.Collect$$libinit$$0000001F)
    .ARM.Collect$$libinit$$00000021          0x0800018e   Section        0  libinit2.o(.ARM.Collect$$libinit$$00000021)
    .ARM.Collect$$libinit$$00000023          0x0800018e   Section        0  libinit2.o(.ARM.Collect$$libinit$$00000023)
    .ARM.Collect$$libinit$$00000025          0x0800018e   Section        0  libinit2.o(.ARM.Collect$$libinit$$00000025)
    .ARM.Collect$$libinit$$00000027          0x0800018e   Section        0  libinit2.o(.ARM.Collect$$libinit$$00000027)
    .ARM.Collect$$libinit$$0000002E          0x0800018e   Section        0  libinit2.o(.ARM.Collect$$libinit$$0000002E)
    .ARM.Collect$$libinit$$00000030          0x0800018e   Section        0  libinit2.o(.ARM.Collect$$libinit$$00000030)
    .ARM.Collect$$libinit$$00000032          0x0800018e   Section        0  libinit2.o(.ARM.Collect$$libinit$$00000032)
    .ARM.Collect$$libinit$$00000034          0x0800018e   Section        0  libinit2.o(.ARM.Collect$$libinit$$00000034)
    .ARM.Collect$$libinit$$00000035          0x0800018e   Section        2  libinit2.o(.ARM.Collect$$libinit$$00000035)
    .ARM.Collect$$libshutdown$$00000000      0x08000190   Section        2  libshutdown.o(.ARM.Collect$$libshutdown$$00000000)
    .ARM.Collect$$libshutdown$$00000002      0x08000192   Section        0  libshutdown2.o(.ARM.Collect$$libshutdown$$00000002)
    .ARM.Collect$$libshutdown$$00000004      0x08000192   Section        0  libshutdown2.o(.ARM.Collect$$libshutdown$$00000004)
    .ARM.Collect$$libshutdown$$00000007      0x08000192   Section        0  libshutdown2.o(.ARM.Collect$$libshutdown$$00000007)
    .ARM.Collect$$libshutdown$$0000000A      0x08000192   Section        0  libshutdown2.o(.ARM.Collect$$libshutdown$$0000000A)
    .ARM.Collect$$libshutdown$$0000000C      0x08000192   Section        0  libshutdown2.o(.ARM.Collect$$libshutdown$$0000000C)
    .ARM.Collect$$libshutdown$$0000000F      0x08000192   Section        0  libshutdown2.o(.ARM.Collect$$libshutdown$$0000000F)
    .ARM.Collect$$libshutdown$$00000010      0x08000192   Section        2  libshutdown2.o(.ARM.Collect$$libshutdown$$00000010)
    .ARM.Collect$$rtentry$$00000000          0x08000194   Section        0  __rtentry.o(.ARM.Collect$$rtentry$$00000000)
    .ARM.Collect$$rtentry$$00000002          0x08000194   Section        0  __rtentry2.o(.ARM.Collect$$rtentry$$00000002)
    .ARM.Collect$$rtentry$$00000004          0x08000194   Section        6  __rtentry4.o(.ARM.Collect$$rtentry$$00000004)
    .ARM.Collect$$rtentry$$00000009          0x0800019a   Section        0  __rtentry2.o(.ARM.Collect$$rtentry$$00000009)
    .ARM.Collect$$rtentry$$0000000A          0x0800019a   Section        4  __rtentry2.o(.ARM.Collect$$rtentry$$0000000A)
    .ARM.Collect$$rtentry$$0000000C          0x0800019e   Section        0  __rtentry2.o(.ARM.Collect$$rtentry$$0000000C)
    .ARM.Collect$$rtentry$$0000000D          0x0800019e   Section        8  __rtentry2.o(.ARM.Collect$$rtentry$$0000000D)
    .ARM.Collect$$rtexit$$00000000           0x080001a6   Section        2  rtexit.o(.ARM.Collect$$rtexit$$00000000)
    .ARM.Collect$$rtexit$$00000002           0x080001a8   Section        0  rtexit2.o(.ARM.Collect$$rtexit$$00000002)
    .ARM.Collect$$rtexit$$00000003           0x080001a8   Section        4  rtexit2.o(.ARM.Collect$$rtexit$$00000003)
    .ARM.Collect$$rtexit$$00000004           0x080001ac   Section        6  rtexit2.o(.ARM.Collect$$rtexit$$00000004)
    .text                                    0x080001b4   Section       64  startup_stm32f10x_md.o(.text)
    .text                                    0x080001f4   Section        0  heapauxi.o(.text)
    .text                                    0x080001fa   Section       74  sys_stackheap_outer.o(.text)
    .text                                    0x08000244   Section        0  exit.o(.text)
    .text                                    0x08000258   Section        8  libspace.o(.text)
    .text                                    0x08000260   Section        0  sys_exit.o(.text)
    .text                                    0x0800026c   Section        2  use_no_semi.o(.text)
    .text                                    0x0800026e   Section        0  indicate_semi.o(.text)
    [Anonymous Symbol]                       0x08000270   Section        0  adc.o(.text.ADC_Init)
    [Anonymous Symbol]                       0x08000414   Section        0  adc.o(.text.ADC_Read)
    [Anonymous Symbol]                       0x08000478   Section        0  pwm.o(.text.PWM_Init)
    [Anonymous Symbol]                       0x08000768   Section        0  pwm.o(.text.PWM_SetDuty)
    [Anonymous Symbol]                       0x08000800   Section        0  pwm.o(.text.PWM_SetFreq)
    SetSysClock                              0x08000905   Thumb Code     8  system_stm32f10x.o(.text.SetSysClock)
    [Anonymous Symbol]                       0x08000904   Section        0  system_stm32f10x.o(.text.SetSysClock)
    SetSysClockTo72                          0x0800090d   Thumb Code   290  system_stm32f10x.o(.text.SetSysClockTo72)
    [Anonymous Symbol]                       0x0800090c   Section        0  system_stm32f10x.o(.text.SetSysClockTo72)
    [Anonymous Symbol]                       0x08000a30   Section        0  system_stm32f10x.o(.text.SystemCoreClockUpdate)
    [Anonymous Symbol]                       0x08000b54   Section        0  system_stm32f10x.o(.text.SystemInit)
    delay_ms                                 0x08000bbd   Thumb Code    42  main.o(.text.delay_ms)
    [Anonymous Symbol]                       0x08000bbc   Section        0  main.o(.text.delay_ms)
    get_tim_ptr                              0x08000be9   Thumb Code    80  pwm.o(.text.get_tim_ptr)
    [Anonymous Symbol]                       0x08000be8   Section        0  pwm.o(.text.get_tim_ptr)
    gpio_cfg_af_pp                           0x08000c39   Thumb Code    90  pwm.o(.text.gpio_cfg_af_pp)
    [Anonymous Symbol]                       0x08000c38   Section        0  pwm.o(.text.gpio_cfg_af_pp)
    [Anonymous Symbol]                       0x08000c94   Section        0  main.o(.text.main)
    map_idx                                  0x08000d3d   Thumb Code    30  pwm.o(.text.map_idx)
    [Anonymous Symbol]                       0x08000d3c   Section        0  pwm.o(.text.map_idx)
    chan_map                                 0x08000d6c   Data          96  pwm.o(.rodata.chan_map)
    [Anonymous Symbol]                       0x08000d6c   Section        0  pwm.o(.rodata.chan_map)
    .bss                                     0x20000008   Section       96  libspace.o(.bss)
    tim_state                                0x20000068   Data          64  pwm.o(.bss.tim_state)
    [Anonymous Symbol]                       0x20000068   Section        0  pwm.o(.bss.tim_state)
    Heap_Mem                                 0x200000a8   Data         512  startup_stm32f10x_md.o(HEAP)
    HEAP                                     0x200000a8   Section      512  startup_stm32f10x_md.o(HEAP)
    Stack_Mem                                0x200002a8   Data        1024  startup_stm32f10x_md.o(STACK)
    STACK                                    0x200002a8   Section     1024  startup_stm32f10x_md.o(STACK)
    __initial_sp                             0x200006a8   Data           0  startup_stm32f10x_md.o(STACK)

    Global Symbols

    Symbol Name                              Value     Ov Type        Size  Object(Section)

    BuildAttributes$$THM_ISAv4$P$D$K$B$S$PE$A:L22UL41UL21$X:L11$S22US41US21$IEEE1$IW$~IW$USESV6$~STKCKD$USESV7$~SHL$OSPACE$ROPI$EBA8$UX$STANDARDLIB$REQ8$PRES8$EABIv2 0x00000000   Number         0  anon$$obj.o ABSOLUTE
    __fp_init_empty                          0x00000000   Number         0  fpinit_empty.o ABSOLUTE
    __ARM_exceptions_init                     - Undefined Weak Reference
    __alloca_initialize                       - Undefined Weak Reference
    __arm_preinit_                            - Undefined Weak Reference
    __arm_relocate_pie_                       - Undefined Weak Reference
    __cpp_initialize__aeabi_                  - Undefined Weak Reference
    __cxa_finalize                            - Undefined Weak Reference
    __rt_locale                               - Undefined Weak Reference
    __sigvec_lookup                           - Undefined Weak Reference
    _atexit_init                              - Undefined Weak Reference
    _call_atexit_fns                          - Undefined Weak Reference
    _clock_init                               - Undefined Weak Reference
    _fp_trap_init                             - Undefined Weak Reference
    _fp_trap_shutdown                         - Undefined Weak Reference
    _get_lc_collate                           - Undefined Weak Reference
    _get_lc_ctype                             - Undefined Weak Reference
    _get_lc_monetary                          - Undefined Weak Reference
    _get_lc_numeric                           - Undefined Weak Reference
    _get_lc_time                              - Undefined Weak Reference
    _getenv_init                              - Undefined Weak Reference
    _handle_redirection                       - Undefined Weak Reference
    _init_alloc                               - Undefined Weak Reference
    _init_user_alloc                          - Undefined Weak Reference
    _initio                                   - Undefined Weak Reference
    _rand_init                                - Undefined Weak Reference
    _signal_finish                            - Undefined Weak Reference
    _signal_init                              - Undefined Weak Reference
    _terminate_alloc                          - Undefined Weak Reference
    _terminate_user_alloc                     - Undefined Weak Reference
    _terminateio                              - Undefined Weak Reference
    __Vectors_Size                           0x000000ec   Number         0  startup_stm32f10x_md.o ABSOLUTE
    __Vectors                                0x08000000   Data           4  startup_stm32f10x_md.o(RESET)
    __Vectors_End                            0x080000ec   Data           0  startup_stm32f10x_md.o(RESET)
    __main                                   0x080000ed   Thumb Code     8  __main.o(!!!main)
    __scatterload                            0x080000f5   Thumb Code     0  __scatter.o(!!!scatter)
    __scatterload_rt2                        0x080000f5   Thumb Code    84  __scatter.o(!!!scatter)
    __scatterload_rt2_thumb_only             0x080000f5   Thumb Code     0  __scatter.o(!!!scatter)
    __scatterload_loop                       0x080000ff   Thumb Code     0  __scatter.o(!!!scatter)
    __scatterload_copy                       0x08000151   Thumb Code    26  __scatter_copy.o(!!handler_copy)
    __scatterload_null                       0x0800016d   Thumb Code     2  __scatter.o(!!handler_null)
    __scatterload_zeroinit                   0x08000171   Thumb Code    28  __scatter_zi.o(!!handler_zi)
    __rt_lib_init                            0x0800018d   Thumb Code     0  libinit.o(.ARM.Collect$$libinit$$00000000)
    __rt_lib_init_alloca_1                   0x0800018f   Thumb Code     0  libinit2.o(.ARM.Collect$$libinit$$00000030)
    __rt_lib_init_argv_1                     0x0800018f   Thumb Code     0  libinit2.o(.ARM.Collect$$libinit$$0000002E)
    __rt_lib_init_atexit_1                   0x0800018f   Thumb Code     0  libinit2.o(.ARM.Collect$$libinit$$0000001D)
    __rt_lib_init_clock_1                    0x0800018f   Thumb Code     0  libinit2.o(.ARM.Collect$$libinit$$00000023)
    __rt_lib_init_cpp_1                      0x0800018f   Thumb Code     0  libinit2.o(.ARM.Collect$$libinit$$00000034)
    __rt_lib_init_exceptions_1               0x0800018f   Thumb Code     0  libinit2.o(.ARM.Collect$$libinit$$00000032)
    __rt_lib_init_fp_1                       0x0800018f   Thumb Code     0  libinit2.o(.ARM.Collect$$libinit$$00000002)
    __rt_lib_init_fp_trap_1                  0x0800018f   Thumb Code     0  libinit2.o(.ARM.Collect$$libinit$$00000021)
    __rt_lib_init_getenv_1                   0x0800018f   Thumb Code     0  libinit2.o(.ARM.Collect$$libinit$$00000025)
    __rt_lib_init_heap_1                     0x0800018f   Thumb Code     0  libinit2.o(.ARM.Collect$$libinit$$0000000C)
    __rt_lib_init_lc_collate_1               0x0800018f   Thumb Code     0  libinit2.o(.ARM.Collect$$libinit$$00000013)
    __rt_lib_init_lc_ctype_1                 0x0800018f   Thumb Code     0  libinit2.o(.ARM.Collect$$libinit$$00000015)
    __rt_lib_init_lc_monetary_1              0x0800018f   Thumb Code     0  libinit2.o(.ARM.Collect$$libinit$$00000017)
    __rt_lib_init_lc_numeric_1               0x0800018f   Thumb Code     0  libinit2.o(.ARM.Collect$$libinit$$00000019)
    __rt_lib_init_lc_time_1                  0x0800018f   Thumb Code     0  libinit2.o(.ARM.Collect$$libinit$$0000001B)
    __rt_lib_init_preinit_1                  0x0800018f   Thumb Code     0  libinit2.o(.ARM.Collect$$libinit$$00000006)
    __rt_lib_init_rand_1                     0x0800018f   Thumb Code     0  libinit2.o(.ARM.Collect$$libinit$$00000010)
    __rt_lib_init_relocate_pie_1             0x0800018f   Thumb Code     0  libinit2.o(.ARM.Collect$$libinit$$00000004)
    __rt_lib_init_return                     0x0800018f   Thumb Code     0  libinit2.o(.ARM.Collect$$libinit$$00000035)
    __rt_lib_init_signal_1                   0x0800018f   Thumb Code     0  libinit2.o(.ARM.Collect$$libinit$$0000001F)
    __rt_lib_init_stdio_1                    0x0800018f   Thumb Code     0  libinit2.o(.ARM.Collect$$libinit$$00000027)
    __rt_lib_init_user_alloc_1               0x0800018f   Thumb Code     0  libinit2.o(.ARM.Collect$$libinit$$0000000E)
    __rt_lib_shutdown                        0x08000191   Thumb Code     0  libshutdown.o(.ARM.Collect$$libshutdown$$00000000)
    __rt_lib_shutdown_cpp_1                  0x08000193   Thumb Code     0  libshutdown2.o(.ARM.Collect$$libshutdown$$00000002)
    __rt_lib_shutdown_fp_trap_1              0x08000193   Thumb Code     0  libshutdown2.o(.ARM.Collect$$libshutdown$$00000007)
    __rt_lib_shutdown_heap_1                 0x08000193   Thumb Code     0  libshutdown2.o(.ARM.Collect$$libshutdown$$0000000F)
    __rt_lib_shutdown_return                 0x08000193   Thumb Code     0  libshutdown2.o(.ARM.Collect$$libshutdown$$00000010)
    __rt_lib_shutdown_signal_1               0x08000193   Thumb Code     0  libshutdown2.o(.ARM.Collect$$libshutdown$$0000000A)
    __rt_lib_shutdown_stdio_1                0x08000193   Thumb Code     0  libshutdown2.o(.ARM.Collect$$libshutdown$$00000004)
    __rt_lib_shutdown_user_alloc_1           0x08000193   Thumb Code     0  libshutdown2.o(.ARM.Collect$$libshutdown$$0000000C)
    __rt_entry                               0x08000195   Thumb Code     0  __rtentry.o(.ARM.Collect$$rtentry$$00000000)
    __rt_entry_presh_1                       0x08000195   Thumb Code     0  __rtentry2.o(.ARM.Collect$$rtentry$$00000002)
    __rt_entry_sh                            0x08000195   Thumb Code     0  __rtentry4.o(.ARM.Collect$$rtentry$$00000004)
    __rt_entry_li                            0x0800019b   Thumb Code     0  __rtentry2.o(.ARM.Collect$$rtentry$$0000000A)
    __rt_entry_postsh_1                      0x0800019b   Thumb Code     0  __rtentry2.o(.ARM.Collect$$rtentry$$00000009)
    __rt_entry_main                          0x0800019f   Thumb Code     0  __rtentry2.o(.ARM.Collect$$rtentry$$0000000D)
    __rt_entry_postli_1                      0x0800019f   Thumb Code     0  __rtentry2.o(.ARM.Collect$$rtentry$$0000000C)
    __rt_exit                                0x080001a7   Thumb Code     0  rtexit.o(.ARM.Collect$$rtexit$$00000000)
    __rt_exit_ls                             0x080001a9   Thumb Code     0  rtexit2.o(.ARM.Collect$$rtexit$$00000003)
    __rt_exit_prels_1                        0x080001a9   Thumb Code     0  rtexit2.o(.ARM.Collect$$rtexit$$00000002)
    __rt_exit_exit                           0x080001ad   Thumb Code     0  rtexit2.o(.ARM.Collect$$rtexit$$00000004)
    Reset_Handler                            0x080001b5   Thumb Code     8  startup_stm32f10x_md.o(.text)
    NMI_Handler                              0x080001bd   Thumb Code     2  startup_stm32f10x_md.o(.text)
    HardFault_Handler                        0x080001bf   Thumb Code     2  startup_stm32f10x_md.o(.text)
    MemManage_Handler                        0x080001c1   Thumb Code     2  startup_stm32f10x_md.o(.text)
    BusFault_Handler                         0x080001c3   Thumb Code     2  startup_stm32f10x_md.o(.text)
    UsageFault_Handler                       0x080001c5   Thumb Code     2  startup_stm32f10x_md.o(.text)
    SVC_Handler                              0x080001c7   Thumb Code     2  startup_stm32f10x_md.o(.text)
    DebugMon_Handler                         0x080001c9   Thumb Code     2  startup_stm32f10x_md.o(.text)
    PendSV_Handler                           0x080001cb   Thumb Code     2  startup_stm32f10x_md.o(.text)
    SysTick_Handler                          0x080001cd   Thumb Code     2  startup_stm32f10x_md.o(.text)
    ADC1_2_IRQHandler                        0x080001cf   Thumb Code     0  startup_stm32f10x_md.o(.text)
    CAN1_RX1_IRQHandler                      0x080001cf   Thumb Code     0  startup_stm32f10x_md.o(.text)
    CAN1_SCE_IRQHandler                      0x080001cf   Thumb Code     0  startup_stm32f10x_md.o(.text)
    DMA1_Channel1_IRQHandler                 0x080001cf   Thumb Code     0  startup_stm32f10x_md.o(.text)
    DMA1_Channel2_IRQHandler                 0x080001cf   Thumb Code     0  startup_stm32f10x_md.o(.text)
    DMA1_Channel3_IRQHandler                 0x080001cf   Thumb Code     0  startup_stm32f10x_md.o(.text)
    DMA1_Channel4_IRQHandler                 0x080001cf   Thumb Code     0  startup_stm32f10x_md.o(.text)
    DMA1_Channel5_IRQHandler                 0x080001cf   Thumb Code     0  startup_stm32f10x_md.o(.text)
    DMA1_Channel6_IRQHandler                 0x080001cf   Thumb Code     0  startup_stm32f10x_md.o(.text)
    DMA1_Channel7_IRQHandler                 0x080001cf   Thumb Code     0  startup_stm32f10x_md.o(.text)
    EXTI0_IRQHandler                         0x080001cf   Thumb Code     0  startup_stm32f10x_md.o(.text)
    EXTI15_10_IRQHandler                     0x080001cf   Thumb Code     0  startup_stm32f10x_md.o(.text)
    EXTI1_IRQHandler                         0x080001cf   Thumb Code     0  startup_stm32f10x_md.o(.text)
    EXTI2_IRQHandler                         0x080001cf   Thumb Code     0  startup_stm32f10x_md.o(.text)
    EXTI3_IRQHandler                         0x080001cf   Thumb Code     0  startup_stm32f10x_md.o(.text)
    EXTI4_IRQHandler                         0x080001cf   Thumb Code     0  startup_stm32f10x_md.o(.text)
    EXTI9_5_IRQHandler                       0x080001cf   Thumb Code     0  startup_stm32f10x_md.o(.text)
    FLASH_IRQHandler                         0x080001cf   Thumb Code     0  startup_stm32f10x_md.o(.text)
    I2C1_ER_IRQHandler                       0x080001cf   Thumb Code     0  startup_stm32f10x_md.o(.text)
    I2C1_EV_IRQHandler                       0x080001cf   Thumb Code     0  startup_stm32f10x_md.o(.text)
    I2C2_ER_IRQHandler                       0x080001cf   Thumb Code     0  startup_stm32f10x_md.o(.text)
    I2C2_EV_IRQHandler                       0x080001cf   Thumb Code     0  startup_stm32f10x_md.o(.text)
    PVD_IRQHandler                           0x080001cf   Thumb Code     0  startup_stm32f10x_md.o(.text)
    RCC_IRQHandler                           0x080001cf   Thumb Code     0  startup_stm32f10x_md.o(.text)
    RTCAlarm_IRQHandler                      0x080001cf   Thumb Code     0  startup_stm32f10x_md.o(.text)
    RTC_IRQHandler                           0x080001cf   Thumb Code     0  startup_stm32f10x_md.o(.text)
    SPI1_IRQHandler                          0x080001cf   Thumb Code     0  startup_stm32f10x_md.o(.text)
    SPI2_IRQHandler                          0x080001cf   Thumb Code     0  startup_stm32f10x_md.o(.text)
    TAMPER_IRQHandler                        0x080001cf   Thumb Code     0  startup_stm32f10x_md.o(.text)
    TIM1_BRK_IRQHandler                      0x080001cf   Thumb Code     0  startup_stm32f10x_md.o(.text)
    TIM1_CC_IRQHandler                       0x080001cf   Thumb Code     0  startup_stm32f10x_md.o(.text)
    TIM1_TRG_COM_IRQHandler                  0x080001cf   Thumb Code     0  startup_stm32f10x_md.o(.text)
    TIM1_UP_IRQHandler                       0x080001cf   Thumb Code     0  startup_stm32f10x_md.o(.text)
    TIM2_IRQHandler                          0x080001cf   Thumb Code     0  startup_stm32f10x_md.o(.text)
    TIM3_IRQHandler                          0x080001cf   Thumb Code     0  startup_stm32f10x_md.o(.text)
    TIM4_IRQHandler                          0x080001cf   Thumb Code     0  startup_stm32f10x_md.o(.text)
    USART1_IRQHandler                        0x080001cf   Thumb Code     0  startup_stm32f10x_md.o(.text)
    USART2_IRQHandler                        0x080001cf   Thumb Code     0  startup_stm32f10x_md.o(.text)
    USART3_IRQHandler                        0x080001cf   Thumb Code     0  startup_stm32f10x_md.o(.text)
    USBWakeUp_IRQHandler                     0x080001cf   Thumb Code     0  startup_stm32f10x_md.o(.text)
    USB_HP_CAN1_TX_IRQHandler                0x080001cf   Thumb Code     0  startup_stm32f10x_md.o(.text)
    USB_LP_CAN1_RX0_IRQHandler               0x080001cf   Thumb Code     0  startup_stm32f10x_md.o(.text)
    WWDG_IRQHandler                          0x080001cf   Thumb Code     0  startup_stm32f10x_md.o(.text)
    __user_initial_stackheap                 0x080001d1   Thumb Code     0  startup_stm32f10x_md.o(.text)
    __use_two_region_memory                  0x080001f5   Thumb Code     2  heapauxi.o(.text)
    __rt_heap_escrow$2region                 0x080001f7   Thumb Code     2  heapauxi.o(.text)
    __rt_heap_expand$2region                 0x080001f9   Thumb Code     2  heapauxi.o(.text)
    __user_setup_stackheap                   0x080001fb   Thumb Code    74  sys_stackheap_outer.o(.text)
    exit                                     0x08000245   Thumb Code    18  exit.o(.text)
    __user_libspace                          0x08000259   Thumb Code     8  libspace.o(.text)
    __user_perproc_libspace                  0x08000259   Thumb Code     0  libspace.o(.text)
    __user_perthread_libspace                0x08000259   Thumb Code     0  libspace.o(.text)
    _sys_exit                                0x08000261   Thumb Code     8  sys_exit.o(.text)
    __I$use$semihosting                      0x0800026d   Thumb Code     0  use_no_semi.o(.text)
    __use_no_semihosting_swi                 0x0800026d   Thumb Code     2  use_no_semi.o(.text)
    __semihosting_library_function           0x0800026f   Thumb Code     0  indicate_semi.o(.text)
    ADC_Init                                 0x08000271   Thumb Code   420  adc.o(.text.ADC_Init)
    ADC_Read                                 0x08000415   Thumb Code   100  adc.o(.text.ADC_Read)
    PWM_Init                                 0x08000479   Thumb Code   752  pwm.o(.text.PWM_Init)
    PWM_SetDuty                              0x08000769   Thumb Code   150  pwm.o(.text.PWM_SetDuty)
    PWM_SetFreq                              0x08000801   Thumb Code   258  pwm.o(.text.PWM_SetFreq)
    SystemCoreClockUpdate                    0x08000a31   Thumb Code   290  system_stm32f10x.o(.text.SystemCoreClockUpdate)
    SystemInit                               0x08000b55   Thumb Code   102  system_stm32f10x.o(.text.SystemInit)
    main                                     0x08000c95   Thumb Code   166  main.o(.text.main)
    AHBPrescTable                            0x08000d5a   Data          16  system_stm32f10x.o(.rodata.AHBPrescTable)
    Region$$Table$$Base                      0x08000dcc   Number         0  anon$$obj.o(Region$$Table)
    Region$$Table$$Limit                     0x08000dec   Number         0  anon$$obj.o(Region$$Table)
    SystemCoreClock                          0x20000000   Data           4  system_stm32f10x.o(.data.SystemCoreClock)
    __libspace_start                         0x20000008   Data          96  libspace.o(.bss)
    __temporary_stack_top$libspace           0x20000068   Data           0  libspace.o(.bss)



==============================================================================

Memory Map of the image

  Image Entry point : 0x080000ed

  Load Region LR_IROM1 (Base: 0x08000000, Size: 0x00000df8, Max: 0x00010000, ABSOLUTE)

    Execution Region ER_IROM1 (Exec base: 0x08000000, Load base: 0x08000000, Size: 0x00000dec, Max: 0x00010000, ABSOLUTE)

    Exec Addr    Load Addr    Size         Type   Attr      Idx    E Section Name        Object

    0x08000000   0x08000000   0x000000ec   Data   RO         1096    RESET               startup_stm32f10x_md.o
    0x080000ec   0x080000ec   0x00000008   Code   RO         1136  * !!!main             c_w.l(__main.o)
    0x080000f4   0x080000f4   0x0000005c   Code   RO         1303    !!!scatter          c_w.l(__scatter.o)
    0x08000150   0x08000150   0x0000001a   Code   RO         1307    !!handler_copy      c_w.l(__scatter_copy.o)
    0x0800016a   0x0800016a   0x00000002   PAD
    0x0800016c   0x0800016c   0x00000002   Code   RO         1304    !!handler_null      c_w.l(__scatter.o)
    0x0800016e   0x0800016e   0x00000002   PAD
    0x08000170   0x08000170   0x0000001c   Code   RO         1309    !!handler_zi        c_w.l(__scatter_zi.o)
    0x0800018c   0x0800018c   0x00000002   Code   RO         1165    .ARM.Collect$$libinit$$00000000  c_w.l(libinit.o)
    0x0800018e   0x0800018e   0x00000000   Code   RO         1172    .ARM.Collect$$libinit$$00000002  c_w.l(libinit2.o)
    0x0800018e   0x0800018e   0x00000000   Code   RO         1174    .ARM.Collect$$libinit$$00000004  c_w.l(libinit2.o)
    0x0800018e   0x0800018e   0x00000000   Code   RO         1176    .ARM.Collect$$libinit$$00000006  c_w.l(libinit2.o)
    0x0800018e   0x0800018e   0x00000000   Code   RO         1179    .ARM.Collect$$libinit$$0000000C  c_w.l(libinit2.o)
    0x0800018e   0x0800018e   0x00000000   Code   RO         1181    .ARM.Collect$$libinit$$0000000E  c_w.l(libinit2.o)
    0x0800018e   0x0800018e   0x00000000   Code   RO         1183    .ARM.Collect$$libinit$$00000010  c_w.l(libinit2.o)
    0x0800018e   0x0800018e   0x00000000   Code   RO         1186    .ARM.Collect$$libinit$$00000013  c_w.l(libinit2.o)
    0x0800018e   0x0800018e   0x00000000   Code   RO         1188    .ARM.Collect$$libinit$$00000015  c_w.l(libinit2.o)
    0x0800018e   0x0800018e   0x00000000   Code   RO         1190    .ARM.Collect$$libinit$$00000017  c_w.l(libinit2.o)
    0x0800018e   0x0800018e   0x00000000   Code   RO         1192    .ARM.Collect$$libinit$$00000019  c_w.l(libinit2.o)
    0x0800018e   0x0800018e   0x00000000   Code   RO         1194    .ARM.Collect$$libinit$$0000001B  c_w.l(libinit2.o)
    0x0800018e   0x0800018e   0x00000000   Code   RO         1196    .ARM.Collect$$libinit$$0000001D  c_w.l(libinit2.o)
    0x0800018e   0x0800018e   0x00000000   Code   RO         1198    .ARM.Collect$$libinit$$0000001F  c_w.l(libinit2.o)
    0x0800018e   0x0800018e   0x00000000   Code   RO         1200    .ARM.Collect$$libinit$$00000021  c_w.l(libinit2.o)
    0x0800018e   0x0800018e   0x00000000   Code   RO         1202    .ARM.Collect$$libinit$$00000023  c_w.l(libinit2.o)
    0x0800018e   0x0800018e   0x00000000   Code   RO         1204    .ARM.Collect$$libinit$$00000025  c_w.l(libinit2.o)
    0x0800018e   0x0800018e   0x00000000   Code   RO         1206    .ARM.Collect$$libinit$$00000027  c_w.l(libinit2.o)
    0x0800018e   0x0800018e   0x00000000   Code   RO         1210    .ARM.Collect$$libinit$$0000002E  c_w.l(libinit2.o)
    0x0800018e   0x0800018e   0x00000000   Code   RO         1212    .ARM.Collect$$libinit$$00000030  c_w.l(libinit2.o)
    0x0800018e   0x0800018e   0x00000000   Code   RO         1214    .ARM.Collect$$libinit$$00000032  c_w.l(libinit2.o)
    0x0800018e   0x0800018e   0x00000000   Code   RO         1216    .ARM.Collect$$libinit$$00000034  c_w.l(libinit2.o)
    0x0800018e   0x0800018e   0x00000002   Code   RO         1217    .ARM.Collect$$libinit$$00000035  c_w.l(libinit2.o)
    0x08000190   0x08000190   0x00000002   Code   RO         1239    .ARM.Collect$$libshutdown$$00000000  c_w.l(libshutdown.o)
    0x08000192   0x08000192   0x00000000   Code   RO         1254    .ARM.Collect$$libshutdown$$00000002  c_w.l(libshutdown2.o)
    0x08000192   0x08000192   0x00000000   Code   RO         1256    .ARM.Collect$$libshutdown$$00000004  c_w.l(libshutdown2.o)
    0x08000192   0x08000192   0x00000000   Code   RO         1259    .ARM.Collect$$libshutdown$$00000007  c_w.l(libshutdown2.o)
    0x08000192   0x08000192   0x00000000   Code   RO         1262    .ARM.Collect$$libshutdown$$0000000A  c_w.l(libshutdown2.o)
    0x08000192   0x08000192   0x00000000   Code   RO         1264    .ARM.Collect$$libshutdown$$0000000C  c_w.l(libshutdown2.o)
    0x08000192   0x08000192   0x00000000   Code   RO         1267    .ARM.Collect$$libshutdown$$0000000F  c_w.l(libshutdown2.o)
    0x08000192   0x08000192   0x00000002   Code   RO         1268    .ARM.Collect$$libshutdown$$00000010  c_w.l(libshutdown2.o)
    0x08000194   0x08000194   0x00000000   Code   RO         1138    .ARM.Collect$$rtentry$$00000000  c_w.l(__rtentry.o)
    0x08000194   0x08000194   0x00000000   Code   RO         1142    .ARM.Collect$$rtentry$$00000002  c_w.l(__rtentry2.o)
    0x08000194   0x08000194   0x00000006   Code   RO         1154    .ARM.Collect$$rtentry$$00000004  c_w.l(__rtentry4.o)
    0x0800019a   0x0800019a   0x00000000   Code   RO         1144    .ARM.Collect$$rtentry$$00000009  c_w.l(__rtentry2.o)
    0x0800019a   0x0800019a   0x00000004   Code   RO         1145    .ARM.Collect$$rtentry$$0000000A  c_w.l(__rtentry2.o)
    0x0800019e   0x0800019e   0x00000000   Code   RO         1147    .ARM.Collect$$rtentry$$0000000C  c_w.l(__rtentry2.o)
    0x0800019e   0x0800019e   0x00000008   Code   RO         1148    .ARM.Collect$$rtentry$$0000000D  c_w.l(__rtentry2.o)
    0x080001a6   0x080001a6   0x00000002   Code   RO         1169    .ARM.Collect$$rtexit$$00000000  c_w.l(rtexit.o)
    0x080001a8   0x080001a8   0x00000000   Code   RO         1219    .ARM.Collect$$rtexit$$00000002  c_w.l(rtexit2.o)
    0x080001a8   0x080001a8   0x00000004   Code   RO         1220    .ARM.Collect$$rtexit$$00000003  c_w.l(rtexit2.o)
    0x080001ac   0x080001ac   0x00000006   Code   RO         1221    .ARM.Collect$$rtexit$$00000004  c_w.l(rtexit2.o)
    0x080001b2   0x080001b2   0x00000002   PAD
    0x080001b4   0x080001b4   0x00000040   Code   RO         1097    .text               startup_stm32f10x_md.o
    0x080001f4   0x080001f4   0x00000006   Code   RO         1134    .text               c_w.l(heapauxi.o)
    0x080001fa   0x080001fa   0x0000004a   Code   RO         1156    .text               c_w.l(sys_stackheap_outer.o)
    0x08000244   0x08000244   0x00000012   Code   RO         1158    .text               c_w.l(exit.o)
    0x08000256   0x08000256   0x00000002   PAD
    0x08000258   0x08000258   0x00000008   Code   RO         1166    .text               c_w.l(libspace.o)
    0x08000260   0x08000260   0x0000000c   Code   RO         1229    .text               c_w.l(sys_exit.o)
    0x0800026c   0x0800026c   0x00000002   Code   RO         1244    .text               c_w.l(use_no_semi.o)
    0x0800026e   0x0800026e   0x00000000   Code   RO         1246    .text               c_w.l(indicate_semi.o)
    0x0800026e   0x0800026e   0x00000002   PAD
    0x08000270   0x08000270   0x000001a4   Code   RO            2    .text.ADC_Init      adc.o
    0x08000414   0x08000414   0x00000064   Code   RO            4    .text.ADC_Read      adc.o
    0x08000478   0x08000478   0x000002f0   Code   RO           27    .text.PWM_Init      pwm.o
    0x08000768   0x08000768   0x00000096   Code   RO           37    .text.PWM_SetDuty   pwm.o
    0x080007fe   0x080007fe   0x00000002   PAD
    0x08000800   0x08000800   0x00000102   Code   RO           35    .text.PWM_SetFreq   pwm.o
    0x08000902   0x08000902   0x00000002   PAD
    0x08000904   0x08000904   0x00000008   Code   RO         1106    .text.SetSysClock   system_stm32f10x.o
    0x0800090c   0x0800090c   0x00000122   Code   RO         1110    .text.SetSysClockTo72  system_stm32f10x.o
    0x08000a2e   0x08000a2e   0x00000002   PAD
    0x08000a30   0x08000a30   0x00000122   Code   RO         1108    .text.SystemCoreClockUpdate  system_stm32f10x.o
    0x08000b52   0x08000b52   0x00000002   PAD
    0x08000b54   0x08000b54   0x00000066   Code   RO         1104    .text.SystemInit    system_stm32f10x.o
    0x08000bba   0x08000bba   0x00000002   PAD
    0x08000bbc   0x08000bbc   0x0000002a   Code   RO           17    .text.delay_ms      main.o
    0x08000be6   0x08000be6   0x00000002   PAD
    0x08000be8   0x08000be8   0x00000050   Code   RO           29    .text.get_tim_ptr   pwm.o
    0x08000c38   0x08000c38   0x0000005a   Code   RO           33    .text.gpio_cfg_af_pp  pwm.o
    0x08000c92   0x08000c92   0x00000002   PAD
    0x08000c94   0x08000c94   0x000000a6   Code   RO           15    .text.main          main.o
    0x08000d3a   0x08000d3a   0x00000002   PAD
    0x08000d3c   0x08000d3c   0x0000001e   Code   RO           31    .text.map_idx       pwm.o
    0x08000d5a   0x08000d5a   0x00000010   Data   RO         1113    .rodata.AHBPrescTable  system_stm32f10x.o
    0x08000d6a   0x08000d6a   0x00000002   PAD
    0x08000d6c   0x08000d6c   0x00000060   Data   RO           39    .rodata.chan_map    pwm.o
    0x08000dcc   0x08000dcc   0x00000020   Data   RO         1302    Region$$Table       anon$$obj.o


    Execution Region RW_IRAM1 (Exec base: 0x20000000, Load base: 0x08000df0, Size: 0x000006a8, Max: 0x00005000, ABSOLUTE)

    Exec Addr    Load Addr    Size         Type   Attr      Idx    E Section Name        Object

    0x20000000   0x08000df0   0x00000004   Data   RW         1112    .data.SystemCoreClock  system_stm32f10x.o
    0x20000004   0x08000df4   0x00000004   PAD
    0x20000008        -       0x00000060   Zero   RW         1167    .bss                c_w.l(libspace.o)
    0x20000068        -       0x00000040   Zero   RW           40    .bss.tim_state      pwm.o
    0x200000a8        -       0x00000200   Zero   RW         1095    HEAP                startup_stm32f10x_md.o
    0x200002a8        -       0x00000400   Zero   RW         1094    STACK               startup_stm32f10x_md.o


==============================================================================

Image component sizes


      Code (inc. data)   RO Data    RW Data    ZI Data      Debug   Object Name

       520          0          0          0          0       2231   adc.o
       208          0          0          0          0       1153   main.o
      1360          0         96          0         64       4687   pwm.o
        64         26        236          0       1536        820   startup_stm32f10x_md.o
       690          0         16          4          0       2893   system_stm32f10x.o

    ----------------------------------------------------------------------
      2858         26        382          4       1604      11784   Object Totals
         0          0         32          0          0          0   (incl. Generated)
        16          0          2          0          4          0   (incl. Padding)

    ----------------------------------------------------------------------

      Code (inc. data)   RO Data    RW Data    ZI Data      Debug   Library Member Name

         8          0          0          0          0         68   __main.o
         0          0          0          0          0          0   __rtentry.o
        12          0          0          0          0          0   __rtentry2.o
         6          0          0          0          0          0   __rtentry4.o
        94          8          0          0          0          0   __scatter.o
        26          0          0          0          0          0   __scatter_copy.o
        28          0          0          0          0          0   __scatter_zi.o
        18          0          0          0          0         80   exit.o
         6          0          0          0          0        152   heapauxi.o
         0          0          0          0          0          0   indicate_semi.o
         2          0          0          0          0          0   libinit.o
         2          0          0          0          0          0   libinit2.o
         2          0          0          0          0          0   libshutdown.o
         2          0          0          0          0          0   libshutdown2.o
         8          4          0          0         96         68   libspace.o
         2          0          0          0          0          0   rtexit.o
        10          0          0          0          0          0   rtexit2.o
        12          4          0          0          0         68   sys_exit.o
        74          0          0          0          0         80   sys_stackheap_outer.o
         2          0          0          0          0         68   use_no_semi.o

    ----------------------------------------------------------------------
       324         16          0          0         96        584   Library Totals
        10          0          0          0          0          0   (incl. Padding)

    ----------------------------------------------------------------------

      Code (inc. data)   RO Data    RW Data    ZI Data      Debug   Library Name

       314         16          0          0         96        584   c_w.l

    ----------------------------------------------------------------------
       324         16          0          0         96        584   Library Totals

    ----------------------------------------------------------------------

==============================================================================


      Code (inc. data)   RO Data    RW Data    ZI Data      Debug   

      3182         42        382          4       1700      12268   Grand Totals
      3182         42        382          4       1700      12268   ELF Image Totals
      3182         42        382          4          0          0   ROM Totals

==============================================================================

    Total RO  Size (Code + RO Data)                 3564 (   3.48kB)
    Total RW  Size (RW Data + ZI Data)              1704 (   1.66kB)
    Total ROM Size (Code + RO Data + RW Data)       3568 (   3.48kB)

==============================================================================

