<html>
<body>
<pre>
<h1>µVision Build Log</h1>
<h2>Tool Versions:</h2>
IDE-Version: µVision V5.43.1.0
Copyright (C) 2025 ARM Ltd and ARM Germany GmbH. All rights reserved.
License Information: E L, 1, LIC=SDA0P-MMVCW-CXBU6-DNVNF-TU5X6-HS4QJ
 
Tool Versions:
Toolchain:       MDK-ARM Plus  Version: 5.43.0.0
Toolchain Path:  D:\keil\ARM\ARMCLANG\Bin
C Compiler:      ArmClang.exe V6.24
Assembler:       Armasm.exe V6.24
Linker/Locator:  ArmLink.exe V6.24
Library Manager: ArmAr.exe V6.24
Hex Converter:   FromElf.exe V6.24
CPU DLL:         SARMCM3.DLL V5.43.0.0
Dialog DLL:      DCM.DLL V1.17.5.0
Target DLL:      UL2CM3.DLL V1.164.16.0
Dialog DLL:      TCM.DLL V1.56.6.0
 
<h2>Project:</h2>
E:\EC20\Simulationmcu\Therm\Therm.uvprojx
Project File Date:  07/28/2026

<h2>Output:</h2>
*** Using Compiler 'V6.24', folder: 'D:\keil\ARM\ARMCLANG\Bin'
Rebuild target 'Target_1'
compiling arm_relu_q7.c...
compiling arm_elementwise_add_s16.c...
compiling arm_elementwise_add_s8.c...
compiling arm_elementwise_mul_s16_s8.c...
compiling arm_nn_activation_s16.c...
compiling adc.c...
compiling arm_relu_q15.c...
compiling arm_elementwise_mul_s16_batch_offset.c...
compiling main.c...
compiling arm_relu6_s8.c...
compiling arm_elementwise_mul_s8.c...
compiling arm_maximum_s8.c...
compiling arm_elementwise_mul_s16.c...
compiling arm_elementwise_mul_acc_s16.c...
compiling pwm.c...
compiling arm_minimum_s8.c...
compiling arm_concatenation_s8_w.c...
compiling arm_concatenation_s8_x.c...
compiling arm_concatenation_s8_y.c...
compiling arm_concatenation_s8_z.c...
compiling arm_convolve_1_x_n_s4.c...
compiling arm_convolve_1_x_n_s8.c...
compiling arm_convolve_1x1_s4.c...
compiling arm_convolve_1x1_s4_fast.c...
compiling arm_convolve_1x1_s8.c...
compiling arm_convolve_1x1_s8_fast.c...
compiling arm_convolve_even_s4.c...
compiling arm_convolve_get_buffer_sizes_s16.c...
compiling arm_convolve_get_buffer_sizes_s4.c...
compiling arm_convolve_get_buffer_sizes_s8.c...
compiling arm_convolve_s16.c...
compiling arm_convolve_s4.c...
compiling arm_convolve_wrapper_s16.c...
compiling arm_convolve_s8.c...
compiling arm_convolve_wrapper_s4.c...
compiling arm_convolve_wrapper_s8.c...
compiling arm_depthwise_conv_fast_s16.c...
compiling arm_depthwise_conv_3x3_s8.c...
compiling arm_depthwise_conv_get_buffer_sizes_s16.c...
compiling arm_depthwise_conv_get_buffer_sizes_s4.c...
compiling arm_depthwise_conv_get_buffer_sizes_s8.c...
compiling arm_depthwise_conv_s16.c...
compiling arm_depthwise_conv_s4.c...
compiling arm_depthwise_conv_s4_opt.c...
compiling arm_depthwise_conv_s8.c...
compiling arm_depthwise_conv_s8_opt.c...
compiling arm_depthwise_conv_wrapper_s16.c...
compiling arm_depthwise_conv_wrapper_s4.c...
compiling arm_depthwise_conv_wrapper_s8.c...
compiling arm_nn_depthwise_conv_s8_core.c...
compiling arm_nn_mat_mult_kernel_row_offset_s8_s16.c...
compiling arm_nn_mat_mult_kernel_s16.c...
compiling arm_nn_mat_mult_kernel_s4_s16.c...
compiling arm_nn_mat_mult_kernel_s8_s16.c...
compiling arm_nn_mat_mult_s8.c...
compiling arm_transpose_conv_get_buffer_sizes_s8.c...
compiling arm_transpose_conv_s8.c...
compiling arm_transpose_conv_wrapper_s8.c...
compiling arm_batch_matmul_s16.c...
compiling arm_batch_matmul_s8.c...
compiling arm_fully_connected_get_buffer_sizes_s16.c...
compiling arm_fully_connected_get_buffer_sizes_s8.c...
compiling arm_fully_connected_per_channel_s8.c...
compiling arm_fully_connected_s16.c...
compiling arm_fully_connected_s4.c...
compiling arm_fully_connected_s8.c...
compiling arm_fully_connected_wrapper_s8.c...
compiling arm_vector_sum_s8.c...
compiling arm_vector_sum_s8_s64.c...
compiling arm_lstm_unidirectional_s16.c...
compiling arm_lstm_unidirectional_s8.c...
compiling arm_nn_depthwise_conv_nt_t_padded_s8.c...
compiling arm_nn_depthwise_conv_nt_t_s16.c...
compiling arm_nn_depthwise_conv_nt_t_s4.c...
compiling arm_nn_depthwise_conv_nt_t_s8.c...
compiling arm_nn_lstm_calculate_gate_s16.c...
compiling arm_nn_lstm_calculate_gate_s8_s16.c...
compiling arm_nn_lstm_step_s16.c...
compiling arm_nn_lstm_step_s8.c...
compiling arm_nn_mat_mul_core_1x_s4.c...
compiling arm_nn_mat_mul_core_1x_s8.c...
compiling arm_nn_mat_mul_core_4x_s8.c...
compiling arm_nn_mat_mult_nt_t_s16.c...
compiling arm_nn_mat_mult_nt_interleaved_t_even_s4.c...
compiling arm_nn_mat_mult_nt_t_s4.c...
compiling arm_nn_mat_mult_nt_t_s8.c...
compiling arm_nn_mat_mult_nt_t_s8_s32.c...
compiling arm_nn_transpose_conv_row_s8_s32.c...
compiling arm_nn_vec_mat_mul_result_acc_s16.c...
compiling arm_nn_vec_mat_mul_result_acc_s8_s16.c...
compiling arm_nn_vec_mat_mult_t_per_ch_s8.c...
compiling arm_nn_vec_mat_mult_t_s16.c...
compiling arm_nn_vec_mat_mult_t_s16_s16.c...
compiling arm_nn_vec_mat_mult_t_s4.c...
compiling arm_nn_vec_mat_mult_t_s8.c...
compiling arm_nn_vec_mat_mult_t_svdf_s8.c...
compiling arm_nntables.c...
compiling arm_q7_to_q15_with_offset.c...
compiling arm_s8_to_s16_unordered_with_offset.c...
compiling arm_pad_s8.c...
compiling arm_avgpool_get_buffer_sizes_s16.c...
compiling arm_avgpool_get_buffer_sizes_s8.c...
compiling arm_avgpool_s16.c...
compiling arm_avgpool_s8.c...
compiling arm_max_pool_s16.c...
compiling arm_max_pool_s8.c...
compiling arm_reshape_s8.c...
compiling arm_svdf_get_buffer_sizes_s8.c...
compiling arm_svdf_s8.c...
compiling arm_svdf_state_s16_s8.c...
compiling arm_softmax_s16.c...
compiling arm_softmax_s8.c...
compiling arm_softmax_s8_s16.c...
compiling arm_nn_softmax_common_s8.c...
compiling arm_softmax_u8.c...
compiling retarget_io.c...
compiling arm_transpose_s8.c...
compiling GPIO_STM32F10x.c...
assembling startup_stm32f10x_md.s...
compiling system_stm32f10x.c...
linking...
Program Size: Code=3182 RO-data=382 RW-data=4 ZI-data=1700  
FromELF: creating hex file...
".\Objects\Therm.axf" - 0 Error(s), 0 Warning(s).

<h2>Software Packages used:</h2>

Package Vendor: ARM
                https://www.keil.com/pack/ARM.CMSIS.6.3.0.pack
                ARM::CMSIS@6.3.0
                CMSIS (Common Microcontroller Software Interface Standard)
   * Component: CORE Version: 6.2.0

Package Vendor: ARM
                https://www.keil.com/pack/ARM.CMSIS-Compiler.2.1.0.pack
                ARM::CMSIS-Compiler@2.1.0
                CMSIS Compiler extensions for Arm Compiler, GCC, Clang, and IAR Compiler
   * Component: CORE Version: 1.1.0

Package Vendor: ARM
                https://www.keil.com/pack/ARM.CMSIS-NN.7.0.0.pack
                ARM::CMSIS-NN@7.0.0
                CMSIS NN software library of efficient neural network kernels
   * Component: NN Lib Version: 7.0.0

Package Vendor: Keil
                https://www.keil.com/pack/Keil.STM32F1xx_DFP.2.4.1.pack
                Keil::STM32F1xx_DFP@2.4.1
                STMicroelectronics STM32F1 Series Device Support, Drivers and Examples
   * Component: GPIO Version: 1.3
   * Component: Startup Version: 1.0.0

<h2>Collection of Component include folders:</h2>
  ./RTE/Device/STM32F103C8
  ./RTE/_Target_1
  D:/keil/pack/ARM/CMSIS-NN/7.0.0/Include
  D:/keil/pack/ARM/CMSIS/6.3.0/CMSIS/Core/Include
  D:/keil/pack/Keil/STM32F1xx_DFP/2.4.1/Device/Include
  D:/keil/pack/Keil/STM32F1xx_DFP/2.4.1/RTE_Driver

<h2>Collection of Component Files used:</h2>

   * Component: ARM::CMSIS-Compiler:CORE@1.1.0
      Source file:   source/armcc/retarget_io.c

   * Component: ARM::CMSIS:CORE@6.2.0

   * Component: ARM::CMSIS:NN Lib@7.0.0
      Source file:   Source/LSTMFunctions/arm_lstm_unidirectional_s8.c
      Source file:   Source/ConvolutionFunctions/arm_nn_mat_mult_kernel_row_offset_s8_s16.c
      Source file:   Source/NNSupportFunctions/arm_nn_vec_mat_mul_result_acc_s16.c
      Source file:   Source/LSTMFunctions/arm_lstm_unidirectional_s16.c
      Source file:   Source/SoftmaxFunctions/arm_softmax_s8.c
      Source file:   Source/FullyConnectedFunctions/arm_batch_matmul_s16.c
      Source file:   Source/NNSupportFunctions/arm_nn_depthwise_conv_nt_t_s16.c
      Source file:   Source/NNSupportFunctions/arm_nn_lstm_step_s16.c
      Source file:   Source/FullyConnectedFunctions/arm_fully_connected_s4.c
      Source file:   Source/FullyConnectedFunctions/arm_fully_connected_s16.c
      Source file:   Source/FullyConnectedFunctions/arm_fully_connected_s8.c
      Source file:   Source/NNSupportFunctions/arm_nn_transpose_conv_row_s8_s32.c
      Source file:   Source/FullyConnectedFunctions/arm_fully_connected_per_channel_s8.c
      Source file:   Source/FullyConnectedFunctions/arm_fully_connected_get_buffer_sizes_s8.c
      Source file:   Source/NNSupportFunctions/arm_nn_lstm_step_s8.c
      Source file:   Source/NNSupportFunctions/arm_nn_depthwise_conv_nt_t_padded_s8.c
      Source file:   Source/FullyConnectedFunctions/arm_batch_matmul_s8.c
      Source file:   Source/NNSupportFunctions/arm_nn_mat_mul_core_1x_s4.c
      Source file:   Source/FullyConnectedFunctions/arm_vector_sum_s8.c
      Source file:   Source/FullyConnectedFunctions/arm_vector_sum_s8_s64.c
      Source file:   Source/NNSupportFunctions/arm_nn_depthwise_conv_nt_t_s8.c
      Source file:   Source/NNSupportFunctions/arm_nn_lstm_calculate_gate_s8_s16.c
      Source file:   Source/FullyConnectedFunctions/arm_fully_connected_wrapper_s8.c
      Source file:   Source/NNSupportFunctions/arm_nn_vec_mat_mul_result_acc_s8_s16.c
      Source file:   Source/NNSupportFunctions/arm_nn_mat_mult_nt_t_s16.c
      Source file:   Source/NNSupportFunctions/arm_nn_depthwise_conv_nt_t_s4.c
      Source file:   Source/NNSupportFunctions/arm_nn_mat_mult_nt_t_s8_s32.c
      Source file:   Source/NNSupportFunctions/arm_nntables.c
      Source file:   Source/NNSupportFunctions/arm_nn_mat_mul_core_4x_s8.c
      Source file:   Source/NNSupportFunctions/arm_nn_mat_mul_core_1x_s8.c
      Source file:   Source/NNSupportFunctions/arm_nn_lstm_calculate_gate_s16.c
      Source file:   Source/FullyConnectedFunctions/arm_fully_connected_get_buffer_sizes_s16.c
      Source file:   Source/SoftmaxFunctions/arm_nn_softmax_common_s8.c
      Source file:   Source/SoftmaxFunctions/arm_softmax_s16.c
      Source file:   Source/SoftmaxFunctions/arm_softmax_s8_s16.c
      Source file:   Source/SoftmaxFunctions/arm_softmax_u8.c
      Source file:   Source/PadFunctions/arm_pad_s8.c
      Include file:  Include/arm_nn_types.h
      Source file:   Source/ConvolutionFunctions/arm_nn_mat_mult_kernel_s4_s16.c
      Source file:   Source/ConvolutionFunctions/arm_depthwise_conv_s8.c
      Source file:   Source/ConvolutionFunctions/arm_convolve_1_x_n_s4.c
      Source file:   Source/ConvolutionFunctions/arm_convolve_s16.c
      Source file:   Source/ConvolutionFunctions/arm_convolve_1_x_n_s8.c
      Source file:   Source/ConvolutionFunctions/arm_nn_mat_mult_s8.c
      Source file:   Source/ConvolutionFunctions/arm_convolve_1x1_s4_fast.c
      Source file:   Source/ConvolutionFunctions/arm_depthwise_conv_s8_opt.c
      Source file:   Source/ConvolutionFunctions/arm_depthwise_conv_get_buffer_sizes_s16.c
      Include file:  Include/arm_nnfunctions.h
      Source file:   Source/ConvolutionFunctions/arm_nn_mat_mult_kernel_s8_s16.c
      Source file:   Source/ConvolutionFunctions/arm_depthwise_conv_s16.c
      Source file:   Source/ConvolutionFunctions/arm_depthwise_conv_get_buffer_sizes_s4.c
      Source file:   Source/ConvolutionFunctions/arm_depthwise_conv_3x3_s8.c
      Source file:   Source/ConvolutionFunctions/arm_nn_mat_mult_kernel_s16.c
      Source file:   Source/ConvolutionFunctions/arm_convolve_wrapper_s4.c
      Include file:  Include/arm_nn_tables.h
      Source file:   Source/ConvolutionFunctions/arm_depthwise_conv_wrapper_s8.c
      Source file:   Source/ConvolutionFunctions/arm_convolve_1x1_s8.c
      Source file:   Source/ConvolutionFunctions/arm_convolve_1x1_s8_fast.c
      Source file:   Source/ConvolutionFunctions/arm_depthwise_conv_fast_s16.c
      Include file:  Include/arm_nnsupportfunctions.h
      Source file:   Source/ConvolutionFunctions/arm_depthwise_conv_wrapper_s16.c
      Source file:   Source/ConvolutionFunctions/arm_depthwise_conv_wrapper_s4.c
      Source file:   Source/ConvolutionFunctions/arm_depthwise_conv_s4_opt.c
      Source file:   Source/ConvolutionFunctions/arm_depthwise_conv_s4.c
      Include file:  Include/arm_nn_math_types.h
      Source file:   Source/ConvolutionFunctions/arm_convolve_even_s4.c
      Source file:   Source/ConvolutionFunctions/arm_depthwise_conv_get_buffer_sizes_s8.c
      Source file:   Source/ConvolutionFunctions/arm_convolve_s8.c
      Source file:   Source/ConvolutionFunctions/arm_convolve_1x1_s4.c
      Source file:   Source/ConvolutionFunctions/arm_convolve_s4.c
      Source file:   Source/ConvolutionFunctions/arm_nn_depthwise_conv_s8_core.c
      Source file:   Source/ConcatenationFunctions/arm_concatenation_s8_x.c
      Source file:   Source/BasicMathFunctions/arm_elementwise_mul_s8.c
      Source file:   Source/BasicMathFunctions/arm_elementwise_add_s8.c
      Source file:   Source/BasicMathFunctions/arm_elementwise_add_s16.c
      Source file:   Source/PoolingFunctions/arm_max_pool_s8.c
      Source file:   Source/PoolingFunctions/arm_max_pool_s16.c
      Source file:   Source/PoolingFunctions/arm_avgpool_s16.c
      Source file:   Source/ConvolutionFunctions/arm_convolve_wrapper_s16.c
      Source file:   Source/SVDFunctions/arm_svdf_s8.c
      Source file:   Source/PoolingFunctions/arm_avgpool_s8.c
      Source file:   Source/PoolingFunctions/arm_avgpool_get_buffer_sizes_s8.c
      Source file:   Source/ConvolutionFunctions/arm_convolve_get_buffer_sizes_s4.c
      Source file:   Source/BasicMathFunctions/arm_minimum_s8.c
      Source file:   Source/ConcatenationFunctions/arm_concatenation_s8_w.c
      Source file:   Source/ConvolutionFunctions/arm_convolve_get_buffer_sizes_s16.c
      Source file:   Source/ConvolutionFunctions/arm_transpose_conv_get_buffer_sizes_s8.c
      Source file:   Source/ConvolutionFunctions/arm_transpose_conv_wrapper_s8.c
      Source file:   Source/BasicMathFunctions/arm_elementwise_mul_s16.c
      Source file:   Source/BasicMathFunctions/arm_elementwise_mul_acc_s16.c
      Source file:   Source/SVDFunctions/arm_svdf_state_s16_s8.c
      Source file:   Source/ConvolutionFunctions/arm_convolve_get_buffer_sizes_s8.c
      Source file:   Source/ConcatenationFunctions/arm_concatenation_s8_y.c
      Source file:   Source/ConcatenationFunctions/arm_concatenation_s8_z.c
      Source file:   Source/PoolingFunctions/arm_avgpool_get_buffer_sizes_s16.c
      Source file:   Source/BasicMathFunctions/arm_elementwise_mul_s16_s8.c
      Source file:   Source/SVDFunctions/arm_svdf_get_buffer_sizes_s8.c
      Source file:   Source/BasicMathFunctions/arm_maximum_s8.c
      Source file:   Source/BasicMathFunctions/arm_elementwise_mul_s16_batch_offset.c
      Source file:   Source/ActivationFunctions/arm_relu6_s8.c
      Source file:   Source/ConvolutionFunctions/arm_transpose_conv_s8.c
      Source file:   Source/ConvolutionFunctions/arm_convolve_wrapper_s8.c
      Source file:   Source/NNSupportFunctions/arm_nn_mat_mult_nt_t_s8.c
      Source file:   Source/NNSupportFunctions/arm_nn_vec_mat_mult_t_s8.c
      Source file:   Source/NNSupportFunctions/arm_nn_vec_mat_mult_t_s16.c
      Source file:   Source/NNSupportFunctions/arm_nn_vec_mat_mult_t_s4.c
      Source file:   Source/NNSupportFunctions/arm_nn_vec_mat_mult_t_svdf_s8.c
      Source file:   Source/ActivationFunctions/arm_relu_q15.c
      Source file:   Source/NNSupportFunctions/arm_q7_to_q15_with_offset.c
      Source file:   Source/ReshapeFunctions/arm_reshape_s8.c
      Source file:   Source/NNSupportFunctions/arm_nn_vec_mat_mult_t_per_ch_s8.c
      Source file:   Source/NNSupportFunctions/arm_nn_vec_mat_mult_t_s16_s16.c
      Source file:   Source/NNSupportFunctions/arm_s8_to_s16_unordered_with_offset.c
      Source file:   Source/TransposeFunctions/arm_transpose_s8.c
      Source file:   Source/ActivationFunctions/arm_relu_q7.c
      Source file:   Source/NNSupportFunctions/arm_nn_mat_mult_nt_t_s4.c
      Source file:   Source/NNSupportFunctions/arm_nn_mat_mult_nt_interleaved_t_even_s4.c
      Source file:   Source/ActivationFunctions/arm_nn_activation_s16.c

   * Component: Keil::Device:GPIO@1.3
      Include file:  RTE_Driver/GPIO_STM32F10x.h
      Source file:   RTE_Driver/GPIO_STM32F10x.c

   * Component: Keil::Device:Startup@1.0.0
      Source file:   Device/Source/ARM/startup_stm32f10x_md.s
      Source file:   Device/Source/system_stm32f10x.c
      Include file:  RTE_Driver/Config/RTE_Device.h
      Source file:   Device/Source/ARM/STM32F1xx_OPT.s
Build Time Elapsed:  00:00:03
</pre>
</body>
</html>
